Archive member included to satisfy reference by file (symbol)

c:/program files (x86)/atmel/studio/7.0/toolchain/arm/arm-gnu-toolchain/bin/../lib/gcc/arm-none-eabi/6.2.1/thumb/v6-m\libgcc.a(_udivsi3.o)
                              src/ASF/common2/services/delay/sam0/systick_counter.o (__aeabi_uidiv)
c:/program files (x86)/atmel/studio/7.0/toolchain/arm/arm-gnu-toolchain/bin/../lib/gcc/arm-none-eabi/6.2.1/thumb/v6-m\libgcc.a(_divsi3.o)
                              src/super_servo_control.o (__aeabi_idiv)
c:/program files (x86)/atmel/studio/7.0/toolchain/arm/arm-gnu-toolchain/bin/../lib/gcc/arm-none-eabi/6.2.1/thumb/v6-m\libgcc.a(_dvmd_tls.o)
                              c:/program files (x86)/atmel/studio/7.0/toolchain/arm/arm-gnu-toolchain/bin/../lib/gcc/arm-none-eabi/6.2.1/thumb/v6-m\libgcc.a(_udivsi3.o) (__aeabi_idiv0)
c:/program files (x86)/atmel/studio/7.0/toolchain/arm/arm-gnu-toolchain/bin/../lib/gcc/arm-none-eabi/6.2.1/thumb/v6-m\libgcc.a(_muldi3.o)
                              src/ASF/sam0/drivers/sercom/sercom.o (__aeabi_lmul)
c:/program files (x86)/atmel/studio/7.0/toolchain/arm/arm-gnu-toolchain/bin/../lib/gcc/arm-none-eabi/6.2.1/../../../../arm-none-eabi/lib/thumb/v6-m\libc_nano.a(lib_a-exit.o)
                              c:/program files (x86)/atmel/studio/7.0/toolchain/arm/arm-gnu-toolchain/bin/../lib/gcc/arm-none-eabi/6.2.1/../../../../arm-none-eabi/lib/thumb/v6-m/crt0.o (exit)
c:/program files (x86)/atmel/studio/7.0/toolchain/arm/arm-gnu-toolchain/bin/../lib/gcc/arm-none-eabi/6.2.1/../../../../arm-none-eabi/lib/thumb/v6-m\libc_nano.a(lib_a-impure.o)
                              c:/program files (x86)/atmel/studio/7.0/toolchain/arm/arm-gnu-toolchain/bin/../lib/gcc/arm-none-eabi/6.2.1/../../../../arm-none-eabi/lib/thumb/v6-m\libc_nano.a(lib_a-exit.o) (_global_impure_ptr)
c:/program files (x86)/atmel/studio/7.0/toolchain/arm/arm-gnu-toolchain/bin/../lib/gcc/arm-none-eabi/6.2.1/../../../../arm-none-eabi/lib/thumb/v6-m\libc_nano.a(lib_a-init.o)
                              c:/program files (x86)/atmel/studio/7.0/toolchain/arm/arm-gnu-toolchain/bin/../lib/gcc/arm-none-eabi/6.2.1/../../../../arm-none-eabi/lib/thumb/v6-m/crt0.o (__libc_init_array)
c:/program files (x86)/atmel/studio/7.0/toolchain/arm/arm-gnu-toolchain/bin/../lib/gcc/arm-none-eabi/6.2.1/../../../../arm-none-eabi/lib/thumb/v6-m\libc_nano.a(lib_a-malloc.o)
                              src/sensor.o (malloc)
c:/program files (x86)/atmel/studio/7.0/toolchain/arm/arm-gnu-toolchain/bin/../lib/gcc/arm-none-eabi/6.2.1/../../../../arm-none-eabi/lib/thumb/v6-m\libc_nano.a(lib_a-memcpy-stub.o)
                              src/ASF/sam0/drivers/adc/adc_sam_d_r_h/adc.o (memcpy)
c:/program files (x86)/atmel/studio/7.0/toolchain/arm/arm-gnu-toolchain/bin/../lib/gcc/arm-none-eabi/6.2.1/../../../../arm-none-eabi/lib/thumb/v6-m\libc_nano.a(lib_a-memset.o)
                              c:/program files (x86)/atmel/studio/7.0/toolchain/arm/arm-gnu-toolchain/bin/../lib/gcc/arm-none-eabi/6.2.1/../../../../arm-none-eabi/lib/thumb/v6-m/crt0.o (memset)
c:/program files (x86)/atmel/studio/7.0/toolchain/arm/arm-gnu-toolchain/bin/../lib/gcc/arm-none-eabi/6.2.1/../../../../arm-none-eabi/lib/thumb/v6-m\libc_nano.a(lib_a-nano-freer.o)
                              c:/program files (x86)/atmel/studio/7.0/toolchain/arm/arm-gnu-toolchain/bin/../lib/gcc/arm-none-eabi/6.2.1/../../../../arm-none-eabi/lib/thumb/v6-m\libc_nano.a(lib_a-malloc.o) (_free_r)
c:/program files (x86)/atmel/studio/7.0/toolchain/arm/arm-gnu-toolchain/bin/../lib/gcc/arm-none-eabi/6.2.1/../../../../arm-none-eabi/lib/thumb/v6-m\libc_nano.a(lib_a-nano-mallocr.o)
                              c:/program files (x86)/atmel/studio/7.0/toolchain/arm/arm-gnu-toolchain/bin/../lib/gcc/arm-none-eabi/6.2.1/../../../../arm-none-eabi/lib/thumb/v6-m\libc_nano.a(lib_a-malloc.o) (_malloc_r)
c:/program files (x86)/atmel/studio/7.0/toolchain/arm/arm-gnu-toolchain/bin/../lib/gcc/arm-none-eabi/6.2.1/../../../../arm-none-eabi/lib/thumb/v6-m\libc_nano.a(lib_a-sbrkr.o)
                              c:/program files (x86)/atmel/studio/7.0/toolchain/arm/arm-gnu-toolchain/bin/../lib/gcc/arm-none-eabi/6.2.1/../../../../arm-none-eabi/lib/thumb/v6-m\libc_nano.a(lib_a-nano-mallocr.o) (_sbrk_r)
c:/program files (x86)/atmel/studio/7.0/toolchain/arm/arm-gnu-toolchain/bin/../lib/gcc/arm-none-eabi/6.2.1/../../../../arm-none-eabi/lib/thumb/v6-m\libc_nano.a(lib_a-mlock.o)
                              c:/program files (x86)/atmel/studio/7.0/toolchain/arm/arm-gnu-toolchain/bin/../lib/gcc/arm-none-eabi/6.2.1/../../../../arm-none-eabi/lib/thumb/v6-m\libc_nano.a(lib_a-nano-freer.o) (__malloc_lock)
c:/program files (x86)/atmel/studio/7.0/toolchain/arm/arm-gnu-toolchain/bin/../lib/gcc/arm-none-eabi/6.2.1/../../../../arm-none-eabi/lib/thumb/v6-m\libc_nano.a(lib_a-reent.o)
[...]
Memory Configuration

Name             Origin             Length             Attributes
rom              0x00000000         0x00004000         xr
ram              0x20000000         0x00001000         xrw
*default*        0x00000000         0xffffffff

Linker script and memory map

LOAD c:/program files (x86)/atmel/studio/7.0/toolchain/arm/arm-gnu-toolchain/bin/../lib/gcc/arm-none-eabi/6.2.1/thumb/v6-m/crti.o
LOAD c:/program files (x86)/atmel/studio/7.0/toolchain/arm/arm-gnu-toolchain/bin/../lib/gcc/arm-none-eabi/6.2.1/thumb/v6-m/crtbegin.o
LOAD c:/program files (x86)/atmel/studio/7.0/toolchain/arm/arm-gnu-toolchain/bin/../lib/gcc/arm-none-eabi/6.2.1/../../../../arm-none-eabi/lib/thumb/v6-m/crt0.o
LOAD src/ASF/sam0/drivers/sercom/spi/spi.o
LOAD src/ASF/sam0/drivers/sercom/spi/spi_interrupt.o
LOAD src/SPI_control.o
LOAD src/SPI_slave.o
LOAD src/ASF/common2/services/delay/sam0/systick_counter.o
LOAD src/ASF/sam0/drivers/adc/adc_sam_d_r_h/adc.o
LOAD src/ASF/sam0/drivers/adc/adc_sam_d_r_h/adc_callback.o
LOAD src/ASF/sam0/drivers/extint/extint_sam_d_r_h/extint.o
LOAD src/ASF/sam0/drivers/sercom/sercom.o
LOAD src/ORB_control.o
LOAD src/sensor_control.o
LOAD src/sensor.o
LOAD src/super_servo.o
LOAD src/super_servo_control.o
LOAD src/test.o
LOAD src/ASF/sam0/drivers/tcc/tcc.o
LOAD src/ASF/sam0/drivers/tcc/tcc_callback.o
LOAD src/ASF/sam0/drivers/tc/tc_sam_d_r_h/tc.o
LOAD src/ASF/sam0/drivers/tc/tc_interrupt.o
LOAD src/ASF/sam0/drivers/sercom/usart/usart.o
LOAD src/ASF/sam0/drivers/sercom/usart/usart_interrupt.o
LOAD src/ASF/sam0/drivers/sercom/sercom_interrupt.o
LOAD src/ASF/sam0/drivers/extint/extint_callback.o
LOAD src/ASF/sam0/drivers/port/port.o
LOAD src/ORB.o
LOAD src/ASF/common2/boards/user_board/init.o
LOAD src/ASF/common/utils/interrupt/interrupt_sam_nvic.o
LOAD src/ASF/sam0/drivers/system/clock/clock_samd09_d10_d11/clock.o
LOAD src/ASF/sam0/drivers/system/clock/clock_samd09_d10_d11/gclk.o
LOAD src/ASF/sam0/drivers/system/interrupt/system_interrupt.o
LOAD src/ASF/sam0/drivers/system/pinmux/pinmux.o
LOAD src/ASF/sam0/drivers/system/system.o
LOAD src/ASF/sam0/utils/cmsis/samd10/source/gcc/startup_samd10.o
LOAD src/ASF/sam0/utils/cmsis/samd10/source/system_samd10.o
LOAD src/ASF/sam0/utils/syscalls/gcc/syscalls.o
LOAD src/main.o
START GROUP
LOAD ../src/ASF/thirdparty/CMSIS/Lib/GCC\libarm_cortexM0l_math.a
LOAD c:/program files (x86)/atmel/studio/7.0/toolchain/arm/arm-gnu-toolchain/bin/../lib/gcc/arm-none-eabi/6.2.1/../../../../arm-none-eabi/lib/thumb/v6-m\libm.a
END GROUP
Address of section .text set to 0x800
START GROUP
LOAD c:/program files (x86)/atmel/studio/7.0/toolchain/arm/arm-gnu-toolchain/bin/../lib/gcc/arm-none-eabi/6.2.1/thumb/v6-m\libgcc.a
LOAD c:/program files (x86)/atmel/studio/7.0/toolchain/arm/arm-gnu-toolchain/bin/../lib/gcc/arm-none-eabi/6.2.1/../../../../arm-none-eabi/lib/thumb/v6-m\libc_nano.a
END GROUP
START GROUP
LOAD c:/program files (x86)/atmel/studio/7.0/toolchain/arm/arm-gnu-toolchain/bin/../lib/gcc/arm-none-eabi/6.2.1/thumb/v6-m\libgcc.a
LOAD c:/program files (x86)/atmel/studio/7.0/toolchain/arm/arm-gnu-toolchain/bin/../lib/gcc/arm-none-eabi/6.2.1/../../../../arm-none-eabi/lib/thumb/v6-m\libc_nano.a
END GROUP
LOAD c:/program files (x86)/atmel/studio/7.0/toolchain/arm/arm-gnu-toolchain/bin/../lib/gcc/arm-none-eabi/6.2.1/thumb/v6-m/crtend.o
LOAD c:/program files (x86)/atmel/studio/7.0/toolchain/arm/arm-gnu-toolchain/bin/../lib/gcc/arm-none-eabi/6.2.1/thumb/v6-m/crtn.o
                0x00000400                STACK_SIZE = DEFINED (STACK_SIZE)?STACK_SIZE:DEFINED (__stack_size__)?__stack_size__:0x400

.text           0x00000800     0x33f8
                0x00000800                . = ALIGN (0x4)
                0x00000800                _sfixed = .
 *(.vectors .vectors.*)
 .vectors       0x00000800       0x8c src/ASF/sam0/utils/cmsis/samd10/source/gcc/startup_samd10.o
                0x00000800                exception_table
 *(.text .text.* .gnu.linkonce.t.*)
 .text          0x0000088c       0x60 c:/program files (x86)/atmel/studio/7.0/toolchain/arm/arm-gnu-toolchain/bin/../lib/gcc/arm-none-eabi/6.2.1/thumb/v6-m/crtbegin.o
 .text.spi_reset
                0x000008ec       0x4c src/ASF/sam0/drivers/sercom/spi/spi.o
                0x000008ec                spi_reset
 .text.spi_init
                0x00000938      0x214 src/ASF/sam0/drivers/sercom/spi/spi.o
                0x00000938                spi_init
 .text.spi_register_callback
                0x00000b4c       0x18 src/ASF/sam0/drivers/sercom/spi/spi_interrupt.o
                0x00000b4c                spi_register_callback
 .text.spi_transceive_buffer_job
                0x00000b64       0x48 src/ASF/sam0/drivers/sercom/spi/spi_interrupt.o
                0x00000b64                spi_transceive_buffer_job
 .text._spi_interrupt_handler
                0x00000bac      0x184 src/ASF/sam0/drivers/sercom/spi/spi_interrupt.o
                0x00000bac                _spi_interrupt_handler
 .text.check_timeout
                0x00000d30       0x60 src/SPI_control.o
                0x00000d30                check_timeout
 .text.spi_main_loop
                0x00000d90      0x290 src/SPI_control.o
                0x00000d90                spi_main_loop
 .text.configure_spi_slave
                0x00001020       0xa4 src/SPI_slave.o
                0x00001020                configure_spi_slave
 .text.check_buffer
                0x000010c4       0xc8 src/SPI_slave.o
                0x000010c4                check_buffer
 .text.configure_spi_slave_callbacks
                0x0000118c       0x28 src/SPI_slave.o
                0x0000118c                configure_spi_slave_callbacks
 .text.spi_slave_init
                0x000011b4       0x4c src/SPI_slave.o
                0x000011b4                spi_slave_init
 .text.spi_slave_callback
                0x00001200       0xcc src/SPI_slave.o
 .text.delay_init
                0x000012cc       0x40 src/ASF/common2/services/delay/sam0/systick_counter.o
                0x000012cc                delay_init
 .text.adc_get_config_defaults
                0x0000130c       0x46 src/ASF/sam0/drivers/adc/adc_sam_d_r_h/adc.o
                0x0000130c                adc_get_config_defaults
 *fill*         0x00001352        0x2 
 .text.adc_init
                0x00001354      0x428 src/ASF/sam0/drivers/adc/adc_sam_d_r_h/adc.o
                0x00001354                adc_init
 .text.ADC_Handler
                0x0000177c       0xc0 src/ASF/sam0/drivers/adc/adc_sam_d_r_h/adc_callback.o
                0x0000177c                ADC_Handler
 .text._extint_enable
                0x0000183c       0x18 src/ASF/sam0/drivers/extint/extint_sam_d_r_h/extint.o
 .text._system_extint_init
                0x00001854       0x6c src/ASF/sam0/drivers/extint/extint_sam_d_r_h/extint.o
                0x00001854                _system_extint_init
 .text._sercom_get_sync_baud_val
                0x000018c0       0x28 src/ASF/sam0/drivers/sercom/sercom.o
                0x000018c0                _sercom_get_sync_baud_val
 .text.sercom_set_gclk_generator
                0x000018e8       0x4c src/ASF/sam0/drivers/sercom/sercom.o
                0x000018e8                sercom_set_gclk_generator
 .text._sercom_get_default_pad
                0x00001934       0xc0 src/ASF/sam0/drivers/sercom/sercom.o
                0x00001934                _sercom_get_default_pad
 .text._sercom_get_sercom_inst_index
                0x000019f4       0x38 src/ASF/sam0/drivers/sercom/sercom.o
                0x000019f4                _sercom_get_sercom_inst_index
 .text.update_ORB_LED
                0x00001a2c       0x68 src/ORB_control.o
                0x00001a2c                update_ORB_LED
 .text.update_ORB_single
                0x00001a94       0x58 src/ORB_control.o
                0x00001a94                update_ORB_single
 .text.update_LEDS_single
                0x00001aec       0x48 src/ORB_control.o
                0x00001aec                update_LEDS_single
 .text.switch_off_ORB_LED
                0x00001b34       0x38 src/ORB_control.o
                0x00001b34                switch_off_ORB_LED
 .text.read_all_sensors
                0x00001b6c       0x28 src/sensor_control.o
                0x00001b6c                read_all_sensors
 .text.configure_adc
                0x00001b94       0x8c src/sensor.o
                0x00001b94                configure_adc
 .text.adc_start_read_result
                0x00001c20       0xc0 src/sensor.o
                0x00001c20                adc_start_read_result
 .text.sensor_init
                0x00001ce0        0xc src/sensor.o
                0x00001ce0                sensor_init
 .text.enable_super_servo
                0x00001cec       0x1c src/super_servo.o
                0x00001cec                enable_super_servo
 .text.super_servo_tcc_init
                0x00001d08       0x94 src/super_servo.o
                0x00001d08                super_servo_tcc_init
 .text.super_servo_init
                0x00001d9c        0xc src/super_servo.o
                0x00001d9c                super_servo_init
 .text.update_super_servo
                0x00001da8      0x100 src/super_servo_control.o
                0x00001da8                update_super_servo
 .text.switch_off_servos
                0x00001ea8       0x14 src/super_servo_control.o
                0x00001ea8                switch_off_servos
 .text.update_super_servo_single
                0x00001ebc       0xd0 src/super_servo_control.o
                0x00001ebc                update_super_servo_single
 .text._tcc_get_inst_index
                0x00001f8c        0x4 src/ASF/sam0/drivers/tcc/tcc.o
                0x00001f8c                _tcc_get_inst_index
 .text._tcc_set_compare_value
                0x00001f90       0x64 src/ASF/sam0/drivers/tcc/tcc.o
 .text.tcc_get_config_defaults
                0x00001ff4      0x13c src/ASF/sam0/drivers/tcc/tcc.o
                0x00001ff4                tcc_get_config_defaults
 .text.tcc_init
                0x00002130      0x388 src/ASF/sam0/drivers/tcc/tcc.o
                0x00002130                tcc_init
 .text.tcc_set_compare_value
                0x000024b8       0x10 src/ASF/sam0/drivers/tcc/tcc.o
                0x000024b8                tcc_set_compare_value
 .text._tcc_interrupt_handler
                0x000024c8       0x4c src/ASF/sam0/drivers/tcc/tcc_callback.o
                0x000024c8                _tcc_interrupt_handler
 .text.TCC0_Handler
                0x00002514       0x10 src/ASF/sam0/drivers/tcc/tcc_callback.o
                0x00002514                TCC0_Handler
 .text._tc_get_inst_index
                0x00002524       0x24 src/ASF/sam0/drivers/tc/tc_sam_d_r_h/tc.o
                0x00002524                _tc_get_inst_index
 .text.tc_init  0x00002548      0x230 src/ASF/sam0/drivers/tc/tc_sam_d_r_h/tc.o
                0x00002548                tc_init
 .text.tc_register_callback
                0x00002778       0x32 src/ASF/sam0/drivers/tc/tc_interrupt.o
                0x00002778                tc_register_callback
 *fill*         0x000027aa        0x2 
 .text._tc_interrupt_handler
                0x000027ac      0x2a4 src/ASF/sam0/drivers/tc/tc_interrupt.o
                0x000027ac                _tc_interrupt_handler
 .text.TC1_Handler
                0x00002a50       0x10 src/ASF/sam0/drivers/tc/tc_interrupt.o
                0x00002a50                TC1_Handler
 .text.TC2_Handler
                0x00002a60       0x10 src/ASF/sam0/drivers/tc/tc_interrupt.o
                0x00002a60                TC2_Handler
 .text._sercom_default_handler
                0x00002a70        0x2 src/ASF/sam0/drivers/sercom/sercom_interrupt.o
 *fill*         0x00002a72        0x2 
 .text._sercom_set_handler
                0x00002a74       0x3c src/ASF/sam0/drivers/sercom/sercom_interrupt.o
                0x00002a74                _sercom_set_handler
 .text._sercom_get_interrupt_vector
                0x00002ab0       0x20 src/ASF/sam0/drivers/sercom/sercom_interrupt.o
                0x00002ab0                _sercom_get_interrupt_vector
 .text.SERCOM0_Handler
                0x00002ad0       0x10 src/ASF/sam0/drivers/sercom/sercom_interrupt.o
                0x00002ad0                SERCOM0_Handler
 .text.SERCOM1_Handler
                0x00002ae0       0x10 src/ASF/sam0/drivers/sercom/sercom_interrupt.o
                0x00002ae0                SERCOM1_Handler
 .text.SERCOM2_Handler
                0x00002af0       0x10 src/ASF/sam0/drivers/sercom/sercom_interrupt.o
                0x00002af0                SERCOM2_Handler
 .text.EIC_Handler
                0x00002b00       0x54 src/ASF/sam0/drivers/extint/extint_callback.o
                0x00002b00                EIC_Handler
 .text.port_pin_set_config
                0x00002b54       0x24 src/ASF/sam0/drivers/port/port.o
                0x00002b54                port_pin_set_config
 .text.tc_callback_PWM
                0x00002b78        0x2 src/ORB.o
                0x00002b78                tc_callback_PWM
 .text.tc_callback_OF
                0x00002b7a        0x2 src/ORB.o
                0x00002b7a                tc_callback_OF
 .text.increasing_sort_tag
                0x00002b7c       0xac src/ORB.o
                0x00002b7c                increasing_sort_tag
 .text.ORB_timer_init
                0x00002c28       0x6c src/ORB.o
                0x00002c28                ORB_timer_init
 .text.set_drivestrength_ORB
                0x00002c94       0x1c src/ORB.o
                0x00002c94                set_drivestrength_ORB
 .text.ORB_setup_pins
                0x00002cb0       0x60 src/ORB.o
                0x00002cb0                ORB_setup_pins
 .text.ORB_timer_callbacks_init
                0x00002d10       0x28 src/ORB.o
                0x00002d10                ORB_timer_callbacks_init
 .text.initializing_pin_array
                0x00002d38       0x28 src/ORB.o
                0x00002d38                initializing_pin_array
 .text.initializing_compare_array
                0x00002d60       0x1c src/ORB.o
                0x00002d60                initializing_compare_array
 .text.ORB_init_array
                0x00002d7c       0x1c src/ORB.o
                0x00002d7c                ORB_init_array
 .text.ORB_init
                0x00002d98       0x24 src/ORB.o
                0x00002d98                ORB_init
 .text.system_board_init
                0x00002dbc        0x2 src/ASF/common2/boards/user_board/init.o
                0x00002dbc                board_init
                0x00002dbc                system_board_init
 *fill*         0x00002dbe        0x2 
 .text.cpu_irq_enter_critical
                0x00002dc0       0x40 src/ASF/common/utils/interrupt/interrupt_sam_nvic.o
                0x00002dc0                cpu_irq_enter_critical
 .text.cpu_irq_leave_critical
                0x00002e00       0x30 src/ASF/common/utils/interrupt/interrupt_sam_nvic.o
                0x00002e00                cpu_irq_leave_critical
 .text.system_clock_source_get_hz
                0x00002e30       0x90 src/ASF/sam0/drivers/system/clock/clock_samd09_d10_d11/clock.o
                0x00002e30                system_clock_source_get_hz
 .text.system_clock_source_osc8m_set_config
                0x00002ec0       0x3c src/ASF/sam0/drivers/system/clock/clock_samd09_d10_d11/clock.o
                0x00002ec0                system_clock_source_osc8m_set_config
 .text.system_clock_source_enable
                0x00002efc       0xa8 src/ASF/sam0/drivers/system/clock/clock_samd09_d10_d11/clock.o
                0x00002efc                system_clock_source_enable
 .text.system_clock_init
                0x00002fa4       0x98 src/ASF/sam0/drivers/system/clock/clock_samd09_d10_d11/clock.o
                0x00002fa4                system_clock_init
 .text.system_gclk_init
                0x0000303c       0x24 src/ASF/sam0/drivers/system/clock/clock_samd09_d10_d11/gclk.o
                0x0000303c                system_gclk_init
 .text.system_gclk_gen_set_config
                0x00003060       0xb8 src/ASF/sam0/drivers/system/clock/clock_samd09_d10_d11/gclk.o
                0x00003060                system_gclk_gen_set_config
 .text.system_gclk_gen_enable
                0x00003118       0x44 src/ASF/sam0/drivers/system/clock/clock_samd09_d10_d11/gclk.o
                0x00003118                system_gclk_gen_enable
 .text.system_gclk_gen_get_hz
                0x0000315c       0x8c src/ASF/sam0/drivers/system/clock/clock_samd09_d10_d11/gclk.o
                0x0000315c                system_gclk_gen_get_hz
 .text.system_gclk_chan_enable
                0x000031e8       0x30 src/ASF/sam0/drivers/system/clock/clock_samd09_d10_d11/gclk.o
                0x000031e8                system_gclk_chan_enable
 .text.system_gclk_chan_disable
                0x00003218       0x5c src/ASF/sam0/drivers/system/clock/clock_samd09_d10_d11/gclk.o
                0x00003218                system_gclk_chan_disable
 .text.system_gclk_chan_set_config
                0x00003274       0x1c src/ASF/sam0/drivers/system/clock/clock_samd09_d10_d11/gclk.o
                0x00003274                system_gclk_chan_set_config
 .text.system_gclk_chan_get_hz
                0x00003290       0x34 src/ASF/sam0/drivers/system/clock/clock_samd09_d10_d11/gclk.o
                0x00003290                system_gclk_chan_get_hz
 .text._system_pinmux_config
                0x000032c4       0xa8 src/ASF/sam0/drivers/system/pinmux/pinmux.o
 .text.system_pinmux_pin_set_config
                0x0000336c       0x30 src/ASF/sam0/drivers/system/pinmux/pinmux.o
                0x0000336c                system_pinmux_pin_set_config
 .text.system_pinmux_group_set_output_strength
                0x0000339c       0x46 src/ASF/sam0/drivers/system/pinmux/pinmux.o
                0x0000339c                system_pinmux_group_set_output_strength
 .text._system_dummy_init
                0x000033e2        0x2 src/ASF/sam0/drivers/system/system.o
                0x000033e2                _system_events_init
                0x000033e2                _system_dummy_init
                0x000033e2                _system_divas_init
 .text.system_init
                0x000033e4       0x2c src/ASF/sam0/drivers/system/system.o
                0x000033e4                system_init
 .text.Dummy_Handler
                0x00003410        0x2 src/ASF/sam0/utils/cmsis/samd10/source/gcc/startup_samd10.o
                0x00003410                DMAC_Handler
                0x00003410                HardFault_Handler
                0x00003410                AC_Handler
                0x00003410                SysTick_Handler
                0x00003410                PendSV_Handler
                0x00003410                NMI_Handler
                0x00003410                RTC_Handler
                0x00003410                WDT_Handler
                0x00003410                Dummy_Handler
                0x00003410                PM_Handler
                0x00003410                SVC_Handler
                0x00003410                EVSYS_Handler
                0x00003410                NVMCTRL_Handler
                0x00003410                DAC_Handler
                0x00003410                PTC_Handler
                0x00003410                SYSCTRL_Handler
 *fill*         0x00003412        0x2 
 .text.Reset_Handler
                0x00003414       0xd0 src/ASF/sam0/utils/cmsis/samd10/source/gcc/startup_samd10.o
                0x00003414                Reset_Handler
 .text._sbrk    0x000034e4       0x24 src/ASF/sam0/utils/syscalls/gcc/syscalls.o
                0x000034e4                _sbrk
 .text.microbit_connection
                0x00003508       0x4c src/main.o
                0x00003508                microbit_connection
 .text.main     0x00003554       0x54 src/main.o
                0x00003554                main
 .text          0x000035a8      0x114 c:/program files (x86)/atmel/studio/7.0/toolchain/arm/arm-gnu-toolchain/bin/../lib/gcc/arm-none-eabi/6.2.1/thumb/v6-m\libgcc.a(_udivsi3.o)
                0x000035a8                __aeabi_uidiv
                0x000035a8                __udivsi3
                0x000036b4                __aeabi_uidivmod
 .text          0x000036bc      0x1d4 c:/program files (x86)/atmel/studio/7.0/toolchain/arm/arm-gnu-toolchain/bin/../lib/gcc/arm-none-eabi/6.2.1/thumb/v6-m\libgcc.a(_divsi3.o)
                0x000036bc                __divsi3
                0x000036bc                __aeabi_idiv
                0x00003888                __aeabi_idivmod
 .text          0x00003890        0x4 c:/program files (x86)/atmel/studio/7.0/toolchain/arm/arm-gnu-toolchain/bin/../lib/gcc/arm-none-eabi/6.2.1/thumb/v6-m\libgcc.a(_dvmd_tls.o)
                0x00003890                __aeabi_idiv0
                0x00003890                __aeabi_ldiv0
 .text.__libc_init_array
                0x00003894       0x48 c:/program files (x86)/atmel/studio/7.0/toolchain/arm/arm-gnu-toolchain/bin/../lib/gcc/arm-none-eabi/6.2.1/../../../../arm-none-eabi/lib/thumb/v6-m\libc_nano.a(lib_a-init.o)
                0x00003894                __libc_init_array
 .text.malloc   0x000038dc       0x14 c:/program files (x86)/atmel/studio/7.0/toolchain/arm/arm-gnu-toolchain/bin/../lib/gcc/arm-none-eabi/6.2.1/../../../../arm-none-eabi/lib/thumb/v6-m\libc_nano.a(lib_a-malloc.o)
                0x000038dc                malloc
 .text.memcpy   0x000038f0       0x12 c:/program files (x86)/atmel/studio/7.0/toolchain/arm/arm-gnu-toolchain/bin/../lib/gcc/arm-none-eabi/6.2.1/../../../../arm-none-eabi/lib/thumb/v6-m\libc_nano.a(lib_a-memcpy-stub.o)
                0x000038f0                memcpy
 .text.memset   0x00003902       0x10 c:/program files (x86)/atmel/studio/7.0/toolchain/arm/arm-gnu-toolchain/bin/../lib/gcc/arm-none-eabi/6.2.1/../../../../arm-none-eabi/lib/thumb/v6-m\libc_nano.a(lib_a-memset.o)
                0x00003902                memset
 *fill*         0x00003912        0x2 
 .text._malloc_r
                0x00003914       0xbc c:/program files (x86)/atmel/studio/7.0/toolchain/arm/arm-gnu-toolchain/bin/../lib/gcc/arm-none-eabi/6.2.1/../../../../arm-none-eabi/lib/thumb/v6-m\libc_nano.a(lib_a-nano-mallocr.o)
                0x00003914                _malloc_r
 .text._sbrk_r  0x000039d0       0x24 c:/program files (x86)/atmel/studio/7.0/toolchain/arm/arm-gnu-toolchain/bin/../lib/gcc/arm-none-eabi/6.2.1/../../../../arm-none-eabi/lib/thumb/v6-m\libc_nano.a(lib_a-sbrkr.o)
                0x000039d0                _sbrk_r
 .text.__malloc_lock
                0x000039f4        0x2 c:/program files (x86)/atmel/studio/7.0/toolchain/arm/arm-gnu-toolchain/bin/../lib/gcc/arm-none-eabi/6.2.1/../../../../arm-none-eabi/lib/thumb/v6-m\libc_nano.a(lib_a-mlock.o)
                0x000039f4                __malloc_lock
 .text.__malloc_unlock
                0x000039f6        0x2 c:/program files (x86)/atmel/studio/7.0/toolchain/arm/arm-gnu-toolchain/bin/../lib/gcc/arm-none-eabi/6.2.1/../../../../arm-none-eabi/lib/thumb/v6-m\libc_nano.a(lib_a-mlock.o)
                0x000039f6                __malloc_unlock
 *(.glue_7t)
 .glue_7t       0x000039f8        0x0 linker stubs
 *(.glue_7)
 .glue_7        0x000039f8        0x0 linker stubs
 *(.rodata .rodata* .gnu.linkonce.r.*)
 .rodata.spi_main_loop
                0x000039f8       0x30 src/SPI_control.o
 .rodata.adc_init
                0x00003a28       0xd4 src/ASF/sam0/drivers/adc/adc_sam_d_r_h/adc.o
 .rodata        0x00003afc       0x50 src/ASF/sam0/drivers/adc/adc_sam_d_r_h/adc.o
 .rodata        0x00003b4c        0xc src/ASF/sam0/drivers/sercom/sercom.o
 .rodata.sensor_analog_inputs
                0x00003b58        0x4 src/sensor_control.o
 .rodata._tcc_intflag
                0x00003b5c       0x30 src/ASF/sam0/drivers/tcc/tcc_callback.o
                0x00003b5c                _tcc_intflag
 .rodata.tc_interrupt_vectors.12355
                0x00003b8c        0x2 src/ASF/sam0/drivers/tc/tc_interrupt.o
 *fill*         0x00003b8e        0x2 
 .rodata.system_clock_source_get_hz
                0x00003b90       0x24 src/ASF/sam0/drivers/system/clock/clock_samd09_d10_d11/clock.o
 .rodata.system_clock_source_enable
                0x00003bb4       0x24 src/ASF/sam0/drivers/system/clock/clock_samd09_d10_d11/clock.o
 *(.ARM.extab* .gnu.linkonce.armextab.*)
                0x00003bd8                . = ALIGN (0x4)
 *(.init)
 .init          0x00003bd8        0x4 c:/program files (x86)/atmel/studio/7.0/toolchain/arm/arm-gnu-toolchain/bin/../lib/gcc/arm-none-eabi/6.2.1/thumb/v6-m/crti.o
                0x00003bd8                _init
 .init          0x00003bdc        0x8 c:/program files (x86)/atmel/studio/7.0/toolchain/arm/arm-gnu-toolchain/bin/../lib/gcc/arm-none-eabi/6.2.1/thumb/v6-m/crtn.o
                0x00003be4                . = ALIGN (0x4)
                0x00003be4                __preinit_array_start = .
 *(.preinit_array)
                0x00003be4                __preinit_array_end = .
                0x00003be4                . = ALIGN (0x4)
                0x00003be4                __init_array_start = .
 *(SORT(.init_array.*))
 *(.init_array)
 .init_array    0x00003be4        0x4 c:/program files (x86)/atmel/studio/7.0/toolchain/arm/arm-gnu-toolchain/bin/../lib/gcc/arm-none-eabi/6.2.1/thumb/v6-m/crtbegin.o
                0x00003be8                __init_array_end = .
                0x00003be8                . = ALIGN (0x4)
 *crtbegin.o(.ctors)
 *(EXCLUDE_FILE(*crtend.o) .ctors)
 *(SORT(.ctors.*))
 *crtend.o(.ctors)
                0x00003be8                . = ALIGN (0x4)
 *(.fini)
 .fini          0x00003be8        0x4 c:/program files (x86)/atmel/studio/7.0/toolchain/arm/arm-gnu-toolchain/bin/../lib/gcc/arm-none-eabi/6.2.1/thumb/v6-m/crti.o
                0x00003be8                _fini
 .fini          0x00003bec        0x8 c:/program files (x86)/atmel/studio/7.0/toolchain/arm/arm-gnu-toolchain/bin/../lib/gcc/arm-none-eabi/6.2.1/thumb/v6-m/crtn.o
                0x00003bf4                . = ALIGN (0x4)
                0x00003bf4                __fini_array_start = .
 *(.fini_array)
 .fini_array    0x00003bf4        0x4 c:/program files (x86)/atmel/studio/7.0/toolchain/arm/arm-gnu-toolchain/bin/../lib/gcc/arm-none-eabi/6.2.1/thumb/v6-m/crtbegin.o
 *(SORT(.fini_array.*))
                0x00003bf8                __fini_array_end = .
 *crtbegin.o(.dtors)
 *(EXCLUDE_FILE(*crtend.o) .dtors)
 *(SORT(.dtors.*))
 *crtend.o(.dtors)
                0x00003bf8                . = ALIGN (0x4)
                0x00003bf8                _efixed = .
                [!provide]                PROVIDE (__exidx_start, .)

.vfp11_veneer   0x00003bf8        0x0
 .vfp11_veneer  0x00003bf8        0x0 linker stubs

.v4_bx          0x00003bf8        0x0
 .v4_bx         0x00003bf8        0x0 linker stubs

.iplt           0x00003bf8        0x0
 .iplt          0x00003bf8        0x0 c:/program files (x86)/atmel/studio/7.0/toolchain/arm/arm-gnu-toolchain/bin/../lib/gcc/arm-none-eabi/6.2.1/thumb/v6-m/crtbegin.o

.eh_frame       0x00003bf8        0x0
 .eh_frame      0x00003bf8        0x0 c:/program files (x86)/atmel/studio/7.0/toolchain/arm/arm-gnu-toolchain/bin/../lib/gcc/arm-none-eabi/6.2.1/thumb/v6-m/crtbegin.o

.rel.dyn        0x00003bf8        0x0
 .rel.iplt      0x00003bf8        0x0 c:/program files (x86)/atmel/studio/7.0/toolchain/arm/arm-gnu-toolchain/bin/../lib/gcc/arm-none-eabi/6.2.1/thumb/v6-m/crtbegin.o

.jcr            0x00003bf8        0x0
 .jcr           0x00003bf8        0x0 c:/program files (x86)/atmel/studio/7.0/toolchain/arm/arm-gnu-toolchain/bin/../lib/gcc/arm-none-eabi/6.2.1/thumb/v6-m/crtbegin.o

.igot.plt       0x00003bf8        0x0
 .igot.plt      0x00003bf8        0x0 c:/program files (x86)/atmel/studio/7.0/toolchain/arm/arm-gnu-toolchain/bin/../lib/gcc/arm-none-eabi/6.2.1/thumb/v6-m/crtbegin.o

.ARM.exidx
 *(.ARM.exidx* .gnu.linkonce.armexidx.*)
                [!provide]                PROVIDE (__exidx_end, .)
                0x00003bf8                . = ALIGN (0x4)
                0x00003bf8                _etext = .

.relocate       0x20000000       0x70 load address 0x00003bf8
                0x20000000                . = ALIGN (0x4)
                0x20000000                _srelocate = .
 *(.ramfunc .ramfunc.*)
 *(.data .data.*)
 .data.cycles_per_ms
                0x20000000        0x4 src/ASF/common2/services/delay/sam0/systick_counter.o
 .data.cycles_per_us
                0x20000004        0x4 src/ASF/common2/services/delay/sam0/systick_counter.o
 .data.N_valid_compares
                0x20000008        0x1 src/ASF/sam0/drivers/tc/tc_interrupt.o
                0x20000008                N_valid_compares
 .data.first_time.12814
                0x20000009        0x1 src/ASF/sam0/drivers/tc/tc_interrupt.o
 .data.g_interrupt_enabled
                0x2000000a        0x1 src/ASF/common/utils/interrupt/interrupt_sam_nvic.o
                0x2000000a                g_interrupt_enabled
 .data.flash_status_LED
                0x2000000b        0x1 src/main.o
                0x2000000b                flash_status_LED
 .data._impure_ptr
                0x2000000c        0x4 c:/program files (x86)/atmel/studio/7.0/toolchain/arm/arm-gnu-toolchain/bin/../lib/gcc/arm-none-eabi/6.2.1/../../../../arm-none-eabi/lib/thumb/v6-m\libc_nano.a(lib_a-impure.o)
                0x2000000c                _impure_ptr
 .data.impure_data
                0x20000010       0x60 c:/program files (x86)/atmel/studio/7.0/toolchain/arm/arm-gnu-toolchain/bin/../lib/gcc/arm-none-eabi/6.2.1/../../../../arm-none-eabi/lib/thumb/v6-m\libc_nano.a(lib_a-impure.o)
                0x20000070                . = ALIGN (0x4)
                0x20000070                _erelocate = .

.bss            0x20000070      0x41c load address 0x00003c68
                0x20000070                . = ALIGN (0x4)
                0x20000070                _sbss = .
                0x20000070                _szero = .
 *(.bss .bss.*)
 .bss           0x20000070       0x1c c:/program files (x86)/atmel/studio/7.0/toolchain/arm/arm-gnu-toolchain/bin/../lib/gcc/arm-none-eabi/6.2.1/thumb/v6-m/crtbegin.o
 .bss.buffer_length.12855
                0x2000008c        0x1 src/ASF/sam0/drivers/sercom/spi/spi_interrupt.o
 *fill*         0x2000008d        0x3 
 .bss.prev_led.12834
                0x20000090        0x2 src/SPI_control.o
 *fill*         0x20000092        0x2 
 .bss.prev_rgb.12835
                0x20000094        0x6 src/SPI_control.o
 *fill*         0x2000009a        0x2 
 .bss.prev_servo.12833
                0x2000009c        0x4 src/SPI_control.o
 .bss.head_pointer
                0x200000a0        0x2 src/SPI_slave.o
                0x200000a0                head_pointer
 .bss.tail_pointer
                0x200000a2        0x2 src/SPI_slave.o
                0x200000a2                tail_pointer
 .bss._sercom_config
                0x200000a4        0x2 src/ASF/sam0/drivers/sercom/sercom.o
 *fill*         0x200000a6        0x2 
 .bss.adc_result
                0x200000a8        0x4 src/sensor.o
                0x200000a8                adc_result
 .bss.prev_servo1.12793
                0x200000ac        0x1 src/super_servo_control.o
 .bss.prev_servo2.12794
                0x200000ad        0x1 src/super_servo_control.o
 .bss.prev_servo3.12795
                0x200000ae        0x1 src/super_servo_control.o
 .bss.prev_servo4.12796
                0x200000af        0x1 src/super_servo_control.o
 .bss.compare_array.12815
                0x200000b0        0x8 src/ASF/sam0/drivers/tc/tc_interrupt.o
 .bss.compare_array_ID.12816
                0x200000b8        0x1 src/ASF/sam0/drivers/tc/tc_interrupt.o
 .bss.compare_value_current.12813
                0x200000b9        0x1 src/ASF/sam0/drivers/tc/tc_interrupt.o
 .bss.compare_value_last.12812
                0x200000ba        0x1 src/ASF/sam0/drivers/tc/tc_interrupt.o
 .bss.int_enable.12807
                0x200000bb        0x1 src/ASF/sam0/drivers/tc/tc_interrupt.o
 .bss.pin_array.12817
                0x200000bc        0x8 src/ASF/sam0/drivers/tc/tc_interrupt.o
 .bss.pin_array_ID.12818
                0x200000c4        0x1 src/ASF/sam0/drivers/tc/tc_interrupt.o
 .bss._handler_table_initialized
                0x200000c5        0x1 src/ASF/sam0/drivers/sercom/sercom_interrupt.o
 *fill*         0x200000c6        0x2 
 .bss._sercom_interrupt_handlers
                0x200000c8        0xc src/ASF/sam0/drivers/sercom/sercom_interrupt.o
 .bss.cpu_irq_critical_section_counter
                0x200000d4        0x4 src/ASF/common/utils/interrupt/interrupt_sam_nvic.o
 .bss.cpu_irq_prev_interrupt_state
                0x200000d8        0x1 src/ASF/common/utils/interrupt/interrupt_sam_nvic.o
 *fill*         0x200000d9        0x3 
 .bss._system_clock_inst
                0x200000dc       0x18 src/ASF/sam0/drivers/system/clock/clock_samd09_d10_d11/clock.o
 .bss.heap.5276
                0x200000f4        0x4 src/ASF/sam0/utils/syscalls/gcc/syscalls.o
 .bss.lock_temp_array
                0x200000f8        0x1 src/main.o
                0x200000f8                lock_temp_array
 .bss.serial_timeout
                0x200000f9        0x1 src/main.o
                0x200000f9                serial_timeout
 .bss.serial_timeout_count
                0x200000fa        0x1 src/main.o
                0x200000fa                serial_timeout_count
 .bss.spi_reset_1
                0x200000fb        0x1 src/main.o
                0x200000fb                spi_reset_1
 .bss.status_LED_off.12858
                0x200000fc        0x1 src/main.o
 .bss.status_LED_on.12857
                0x200000fd        0x1 src/main.o
 .bss.transcation_start
                0x200000fe        0x1 src/main.o
                0x200000fe                transcation_start
 .bss.transfer_complete_spi_slave
                0x200000ff        0x1 src/main.o
                0x200000ff                transfer_complete_spi_slave
 .bss.update_compare_array
                0x20000100        0x1 src/main.o
                0x20000100                update_compare_array
 *fill*         0x20000101        0x3 
 .bss.__malloc_free_list
                0x20000104        0x4 c:/program files (x86)/atmel/studio/7.0/toolchain/arm/arm-gnu-toolchain/bin/../lib/gcc/arm-none-eabi/6.2.1/../../../../arm-none-eabi/lib/thumb/v6-m\libc_nano.a(lib_a-nano-mallocr.o)
                0x20000104                __malloc_free_list
 .bss.__malloc_sbrk_start
                0x20000108        0x4 c:/program files (x86)/atmel/studio/7.0/toolchain/arm/arm-gnu-toolchain/bin/../lib/gcc/arm-none-eabi/6.2.1/../../../../arm-none-eabi/lib/thumb/v6-m\libc_nano.a(lib_a-nano-mallocr.o)
                0x20000108                __malloc_sbrk_start
 *(COMMON)
 COMMON         0x2000010c       0x3c src/SPI_control.o
                0x2000010c                spi_slave_instance
 COMMON         0x20000148      0x1f4 src/SPI_slave.o
                0x20000148                ring_buffer
 COMMON         0x2000033c        0x4 src/ASF/sam0/drivers/adc/adc_sam_d_r_h/adc_callback.o
                0x2000033c                _adc_instances
 COMMON         0x20000340       0x40 src/ASF/sam0/drivers/extint/extint_sam_d_r_h/extint.o
                0x20000340                _extint_dev
 COMMON         0x20000380       0x20 src/sensor.o
                0x20000380                adc_instance
 COMMON         0x200003a0       0x40 src/super_servo.o
                0x200003a0                tcc_ss_instance0
 COMMON         0x200003e0        0x4 src/ASF/sam0/drivers/tcc/tcc_callback.o
                0x200003e0                _tcc_instances
 COMMON         0x200003e4        0x8 src/ASF/sam0/drivers/tc/tc_interrupt.o
                0x200003e4                _tc_instances
 COMMON         0x200003ec        0xc src/ASF/sam0/drivers/sercom/sercom_interrupt.o
                0x200003ec                _sercom_instances
 COMMON         0x200003f8        0x1 src/ASF/sam0/drivers/extint/extint_callback.o
                0x200003f8                _current_channel
 *fill*         0x200003f9        0x3 
 COMMON         0x200003fc       0x1c src/ORB.o
                0x200003fc                orb_tc_instance
 COMMON         0x20000418       0x70 src/main.o
                0x20000418                received_value
                0x2000042c                sensor_outputs
                0x20000440                temp_compare_array
                0x20000448                temp_receive
                0x2000045c                temp_pin_array_2
                0x20000464                temp_pin_array
                0x2000046c                transmit_value
                0x20000480                temp_compare_array_2
 COMMON         0x20000488        0x4 c:/program files (x86)/atmel/studio/7.0/toolchain/arm/arm-gnu-toolchain/bin/../lib/gcc/arm-none-eabi/6.2.1/../../../../arm-none-eabi/lib/thumb/v6-m\libc_nano.a(lib_a-reent.o)
                0x20000488                errno
                0x2000048c                . = ALIGN (0x4)
                0x2000048c                _ebss = .
                0x2000048c                _ezero = .

.stack          0x2000048c      0x404 load address 0x00004084
                0x20000490                . = ALIGN (0x8)
 *fill*         0x2000048c        0x4 
                0x20000490                _sstack = .
                0x20000890                . = (. + STACK_SIZE)
 *fill*         0x20000490      0x400 
                0x20000890                . = ALIGN (0x8)
                0x20000890                _estack = .
                0x20000890                . = ALIGN (0x4)
                0x20000890                _end = .
OUTPUT(HummingBit.elf elf32-littlearm)

.ARM.attributes
                0x00000000       0x28
 .ARM.attributes
                0x00000000       0x1e c:/program files (x86)/atmel/studio/7.0/toolchain/arm/arm-gnu-toolchain/bin/../lib/gcc/arm-none-eabi/6.2.1/thumb/v6-m/crti.o
 .ARM.attributes
                0x0000001e       0x2c c:/program files (x86)/atmel/studio/7.0/toolchain/arm/arm-gnu-toolchain/bin/../lib/gcc/arm-none-eabi/6.2.1/thumb/v6-m/crtbegin.o
 .ARM.attributes
                0x0000004a       0x32 src/ASF/sam0/drivers/sercom/spi/spi.o
 .ARM.attributes
                0x0000007c       0x32 src/ASF/sam0/drivers/sercom/spi/spi_interrupt.o
 .ARM.attributes
                0x000000ae       0x32 src/SPI_control.o
 .ARM.attributes
                0x000000e0       0x32 src/SPI_slave.o
 .ARM.attributes
                0x00000112       0x32 src/ASF/common2/services/delay/sam0/systick_counter.o
 .ARM.attributes
                0x00000144       0x32 src/ASF/sam0/drivers/adc/adc_sam_d_r_h/adc.o
 .ARM.attributes
                0x00000176       0x32 src/ASF/sam0/drivers/adc/adc_sam_d_r_h/adc_callback.o
 .ARM.attributes
                0x000001a8       0x32 src/ASF/sam0/drivers/extint/extint_sam_d_r_h/extint.o
 .ARM.attributes
                0x000001da       0x32 src/ASF/sam0/drivers/sercom/sercom.o
 .ARM.attributes
                0x0000020c       0x32 src/ORB_control.o
 .ARM.attributes
                0x0000023e       0x32 src/sensor_control.o
 .ARM.attributes
                0x00000270       0x32 src/sensor.o
 .ARM.attributes
                0x000002a2       0x32 src/super_servo.o
 .ARM.attributes
                0x000002d4       0x32 src/super_servo_control.o
 .ARM.attributes
                0x00000306       0x32 src/ASF/sam0/drivers/tcc/tcc.o
 .ARM.attributes
                0x00000338       0x32 src/ASF/sam0/drivers/tcc/tcc_callback.o
 .ARM.attributes
                0x0000036a       0x32 src/ASF/sam0/drivers/tc/tc_sam_d_r_h/tc.o
 .ARM.attributes
                0x0000039c       0x32 src/ASF/sam0/drivers/tc/tc_interrupt.o
 .ARM.attributes
                0x000003ce       0x32 src/ASF/sam0/drivers/sercom/sercom_interrupt.o
 .ARM.attributes
                0x00000400       0x32 src/ASF/sam0/drivers/extint/extint_callback.o
 .ARM.attributes
                0x00000432       0x32 src/ASF/sam0/drivers/port/port.o
 .ARM.attributes
                0x00000464       0x32 src/ORB.o
 .ARM.attributes
                0x00000496       0x32 src/ASF/common2/boards/user_board/init.o
 .ARM.attributes
                0x000004c8       0x32 src/ASF/common/utils/interrupt/interrupt_sam_nvic.o
 .ARM.attributes
                0x000004fa       0x32 src/ASF/sam0/drivers/system/clock/clock_samd09_d10_d11/clock.o
 .ARM.attributes
                0x0000052c       0x32 src/ASF/sam0/drivers/system/clock/clock_samd09_d10_d11/gclk.o
 .ARM.attributes
                0x0000055e       0x32 src/ASF/sam0/drivers/system/pinmux/pinmux.o
 .ARM.attributes
                0x00000590       0x32 src/ASF/sam0/drivers/system/system.o
 .ARM.attributes
                0x000005c2       0x32 src/ASF/sam0/utils/cmsis/samd10/source/gcc/startup_samd10.o
 .ARM.attributes
                0x000005f4       0x32 src/ASF/sam0/utils/syscalls/gcc/syscalls.o
 .ARM.attributes
                0x00000626       0x32 src/main.o
 .ARM.attributes
                0x00000658       0x1e c:/program files (x86)/atmel/studio/7.0/toolchain/arm/arm-gnu-toolchain/bin/../lib/gcc/arm-none-eabi/6.2.1/thumb/v6-m\libgcc.a(_udivsi3.o)
 .ARM.attributes
                0x00000676       0x1e c:/program files (x86)/atmel/studio/7.0/toolchain/arm/arm-gnu-toolchain/bin/../lib/gcc/arm-none-eabi/6.2.1/thumb/v6-m\libgcc.a(_divsi3.o)
 .ARM.attributes
                0x00000694       0x1e c:/program files (x86)/atmel/studio/7.0/toolchain/arm/arm-gnu-toolchain/bin/../lib/gcc/arm-none-eabi/6.2.1/thumb/v6-m\libgcc.a(_dvmd_tls.o)
 .ARM.attributes
                0x000006b2       0x2c c:/program files (x86)/atmel/studio/7.0/toolchain/arm/arm-gnu-toolchain/bin/../lib/gcc/arm-none-eabi/6.2.1/../../../../arm-none-eabi/lib/thumb/v6-m\libc_nano.a(lib_a-impure.o)
 .ARM.attributes
                0x000006de       0x2c c:/program files (x86)/atmel/studio/7.0/toolchain/arm/arm-gnu-toolchain/bin/../lib/gcc/arm-none-eabi/6.2.1/../../../../arm-none-eabi/lib/thumb/v6-m\libc_nano.a(lib_a-init.o)
 .ARM.attributes
                0x0000070a       0x2c c:/program files (x86)/atmel/studio/7.0/toolchain/arm/arm-gnu-toolchain/bin/../lib/gcc/arm-none-eabi/6.2.1/../../../../arm-none-eabi/lib/thumb/v6-m\libc_nano.a(lib_a-malloc.o)
 .ARM.attributes
                0x00000736       0x2c c:/program files (x86)/atmel/studio/7.0/toolchain/arm/arm-gnu-toolchain/bin/../lib/gcc/arm-none-eabi/6.2.1/../../../../arm-none-eabi/lib/thumb/v6-m\libc_nano.a(lib_a-memcpy-stub.o)
 .ARM.attributes
                0x00000762       0x2c c:/program files (x86)/atmel/studio/7.0/toolchain/arm/arm-gnu-toolchain/bin/../lib/gcc/arm-none-eabi/6.2.1/../../../../arm-none-eabi/lib/thumb/v6-m\libc_nano.a(lib_a-memset.o)
 .ARM.attributes
                0x0000078e       0x2c c:/program files (x86)/atmel/studio/7.0/toolchain/arm/arm-gnu-toolchain/bin/../lib/gcc/arm-none-eabi/6.2.1/../../../../arm-none-eabi/lib/thumb/v6-m\libc_nano.a(lib_a-nano-mallocr.o)
 .ARM.attributes
                0x000007ba       0x2c c:/program files (x86)/atmel/studio/7.0/toolchain/arm/arm-gnu-toolchain/bin/../lib/gcc/arm-none-eabi/6.2.1/../../../../arm-none-eabi/lib/thumb/v6-m\libc_nano.a(lib_a-sbrkr.o)
 .ARM.attributes
                0x000007e6       0x2c c:/program files (x86)/atmel/studio/7.0/toolchain/arm/arm-gnu-toolchain/bin/../lib/gcc/arm-none-eabi/6.2.1/../../../../arm-none-eabi/lib/thumb/v6-m\libc_nano.a(lib_a-mlock.o)
 .ARM.attributes
                0x00000812       0x2c c:/program files (x86)/atmel/studio/7.0/toolchain/arm/arm-gnu-toolchain/bin/../lib/gcc/arm-none-eabi/6.2.1/../../../../arm-none-eabi/lib/thumb/v6-m\libc_nano.a(lib_a-reent.o)
 .ARM.attributes
                0x0000083e       0x1e c:/program files (x86)/atmel/studio/7.0/toolchain/arm/arm-gnu-toolchain/bin/../lib/gcc/arm-none-eabi/6.2.1/thumb/v6-m/crtn.o

.comment        0x00000000       0x59
 .comment       0x00000000       0x59 src/ASF/sam0/drivers/sercom/spi/spi.o
                                 0x5a (size before relaxing)
 .comment       0x00000059       0x5a src/ASF/sam0/drivers/sercom/spi/spi_interrupt.o
 .comment       0x00000059       0x5a src/SPI_control.o
 .comment       0x00000059       0x5a src/SPI_slave.o
 .comment       0x00000059       0x5a src/ASF/common2/services/delay/sam0/systick_counter.o
 .comment       0x00000059       0x5a src/ASF/sam0/drivers/adc/adc_sam_d_r_h/adc.o
 .comment       0x00000059       0x5a src/ASF/sam0/drivers/adc/adc_sam_d_r_h/adc_callback.o
 .comment       0x00000059       0x5a src/ASF/sam0/drivers/extint/extint_sam_d_r_h/extint.o
 .comment       0x00000059       0x5a src/ASF/sam0/drivers/sercom/sercom.o
 .comment       0x00000059       0x5a src/ORB_control.o
 .comment       0x00000059       0x5a src/sensor_control.o
 .comment       0x00000059       0x5a src/sensor.o
 .comment       0x00000059       0x5a src/super_servo.o
 .comment       0x00000059       0x5a src/super_servo_control.o
 .comment       0x00000059       0x5a src/ASF/sam0/drivers/tcc/tcc.o
 .comment       0x00000059       0x5a src/ASF/sam0/drivers/tcc/tcc_callback.o
 .comment       0x00000059       0x5a src/ASF/sam0/drivers/tc/tc_sam_d_r_h/tc.o
 .comment       0x00000059       0x5a src/ASF/sam0/drivers/tc/tc_interrupt.o
 .comment       0x00000059       0x5a src/ASF/sam0/drivers/sercom/sercom_interrupt.o
 .comment       0x00000059       0x5a src/ASF/sam0/drivers/extint/extint_callback.o
 .comment       0x00000059       0x5a src/ASF/sam0/drivers/port/port.o
 .comment       0x00000059       0x5a src/ORB.o
 .comment       0x00000059       0x5a src/ASF/common2/boards/user_board/init.o
 .comment       0x00000059       0x5a src/ASF/common/utils/interrupt/interrupt_sam_nvic.o
 .comment       0x00000059       0x5a src/ASF/sam0/drivers/system/clock/clock_samd09_d10_d11/clock.o
 .comment       0x00000059       0x5a src/ASF/sam0/drivers/system/clock/clock_samd09_d10_d11/gclk.o
 .comment       0x00000059       0x5a src/ASF/sam0/drivers/system/pinmux/pinmux.o
 .comment       0x00000059       0x5a src/ASF/sam0/drivers/system/system.o
 .comment       0x00000059       0x5a src/ASF/sam0/utils/cmsis/samd10/source/gcc/startup_samd10.o
 .comment       0x00000059       0x5a src/ASF/sam0/utils/syscalls/gcc/syscalls.o
 .comment       0x00000059       0x5a src/main.o

.debug_info     0x00000000    0x52f9b
 .debug_info    0x00000000     0x68ea src/ASF/sam0/drivers/sercom/spi/spi.o
 .debug_info    0x000068ea     0x3d3a src/ASF/sam0/drivers/sercom/spi/spi_interrupt.o
 .debug_info    0x0000a624     0x3bbb src/SPI_control.o
 .debug_info    0x0000e1df     0x40fb src/SPI_slave.o
 .debug_info    0x000122da      0xb81 src/ASF/common2/services/delay/sam0/systick_counter.o
 .debug_info    0x00012e5b     0x3d39 src/ASF/sam0/drivers/adc/adc_sam_d_r_h/adc.o
 .debug_info    0x00016b94     0x1bbe src/ASF/sam0/drivers/adc/adc_sam_d_r_h/adc_callback.o
 .debug_info    0x00018752     0x275c src/ASF/sam0/drivers/extint/extint_sam_d_r_h/extint.o
 .debug_info    0x0001aeae     0x2d8a src/ASF/sam0/drivers/sercom/sercom.o
 .debug_info    0x0001dc38     0x18b6 src/ORB_control.o
 .debug_info    0x0001f4ee     0x1a19 src/sensor_control.o
 .debug_info    0x00020f07     0x26e2 src/sensor.o
 .debug_info    0x000235e9     0x3fab src/super_servo.o
 .debug_info    0x00027594     0x3bd0 src/super_servo_control.o
 .debug_info    0x0002b164     0x4bbd src/ASF/sam0/drivers/tcc/tcc.o
 .debug_info    0x0002fd21     0x302b src/ASF/sam0/drivers/tcc/tcc_callback.o
 .debug_info    0x00032d4c     0x2eb9 src/ASF/sam0/drivers/tc/tc_sam_d_r_h/tc.o
 .debug_info    0x00035c05     0x2c8c src/ASF/sam0/drivers/tc/tc_interrupt.o
 .debug_info    0x00038891     0x2af8 src/ASF/sam0/drivers/sercom/sercom_interrupt.o
 .debug_info    0x0003b389     0x16d0 src/ASF/sam0/drivers/extint/extint_callback.o
 .debug_info    0x0003ca59     0x12ac src/ASF/sam0/drivers/port/port.o
 .debug_info    0x0003dd05     0x3a85 src/ORB.o
 .debug_info    0x0004178a     0x1694 src/ASF/common2/boards/user_board/init.o
 .debug_info    0x00042e1e      0xafb src/ASF/common/utils/interrupt/interrupt_sam_nvic.o
 .debug_info    0x00043919     0x3654 src/ASF/sam0/drivers/system/clock/clock_samd09_d10_d11/clock.o
 .debug_info    0x00046f6d     0x1e47 src/ASF/sam0/drivers/system/clock/clock_samd09_d10_d11/gclk.o
 .debug_info    0x00048db4     0x13ea src/ASF/sam0/drivers/system/pinmux/pinmux.o
 .debug_info    0x0004a19e      0xa67 src/ASF/sam0/drivers/system/system.o
 .debug_info    0x0004ac05     0x1ab0 src/ASF/sam0/utils/cmsis/samd10/source/gcc/startup_samd10.o
 .debug_info    0x0004c6b5      0xd8c src/ASF/sam0/utils/syscalls/gcc/syscalls.o
 .debug_info    0x0004d441     0x5b5a src/main.o

.debug_abbrev   0x00000000     0x68e5
 .debug_abbrev  0x00000000      0x51f src/ASF/sam0/drivers/sercom/spi/spi.o
 .debug_abbrev  0x0000051f      0x3c7 src/ASF/sam0/drivers/sercom/spi/spi_interrupt.o
 .debug_abbrev  0x000008e6      0x2fc src/SPI_control.o
 .debug_abbrev  0x00000be2      0x3df src/SPI_slave.o
 .debug_abbrev  0x00000fc1      0x24b src/ASF/common2/services/delay/sam0/systick_counter.o
 .debug_abbrev  0x0000120c      0x45c src/ASF/sam0/drivers/adc/adc_sam_d_r_h/adc.o
 .debug_abbrev  0x00001668      0x3b8 src/ASF/sam0/drivers/adc/adc_sam_d_r_h/adc_callback.o
 .debug_abbrev  0x00001a20      0x4a7 src/ASF/sam0/drivers/extint/extint_sam_d_r_h/extint.o
 .debug_abbrev  0x00001ec7      0x378 src/ASF/sam0/drivers/sercom/sercom.o
 .debug_abbrev  0x0000223f      0x282 src/ORB_control.o
 .debug_abbrev  0x000024c1      0x2d1 src/sensor_control.o
 .debug_abbrev  0x00002792      0x3c0 src/sensor.o
 .debug_abbrev  0x00002b52      0x32a src/super_servo.o
 .debug_abbrev  0x00002e7c      0x2f9 src/super_servo_control.o
 .debug_abbrev  0x00003175      0x4aa src/ASF/sam0/drivers/tcc/tcc.o
 .debug_abbrev  0x0000361f      0x389 src/ASF/sam0/drivers/tcc/tcc_callback.o
 .debug_abbrev  0x000039a8      0x44f src/ASF/sam0/drivers/tc/tc_sam_d_r_h/tc.o
 .debug_abbrev  0x00003df7      0x42c src/ASF/sam0/drivers/tc/tc_interrupt.o
 .debug_abbrev  0x00004223      0x2da src/ASF/sam0/drivers/sercom/sercom_interrupt.o
 .debug_abbrev  0x000044fd      0x333 src/ASF/sam0/drivers/extint/extint_callback.o
 .debug_abbrev  0x00004830      0x298 src/ASF/sam0/drivers/port/port.o
 .debug_abbrev  0x00004ac8      0x498 src/ORB.o
 .debug_abbrev  0x00004f60      0x21e src/ASF/common2/boards/user_board/init.o
 .debug_abbrev  0x0000517e      0x22c src/ASF/common/utils/interrupt/interrupt_sam_nvic.o
 .debug_abbrev  0x000053aa      0x465 src/ASF/sam0/drivers/system/clock/clock_samd09_d10_d11/clock.o
 .debug_abbrev  0x0000580f      0x3f1 src/ASF/sam0/drivers/system/clock/clock_samd09_d10_d11/gclk.o
 .debug_abbrev  0x00005c00      0x36e src/ASF/sam0/drivers/system/pinmux/pinmux.o
 .debug_abbrev  0x00005f6e      0x1e1 src/ASF/sam0/drivers/system/system.o
 .debug_abbrev  0x0000614f      0x200 src/ASF/sam0/utils/cmsis/samd10/source/gcc/startup_samd10.o
 .debug_abbrev  0x0000634f      0x257 src/ASF/sam0/utils/syscalls/gcc/syscalls.o
 .debug_abbrev  0x000065a6      0x33f src/main.o

.debug_loc      0x00000000     0xa154
 .debug_loc     0x00000000     0x2a76 src/ASF/sam0/drivers/sercom/spi/spi.o
 .debug_loc     0x00002a76      0x5c4 src/ASF/sam0/drivers/sercom/spi/spi_interrupt.o
 .debug_loc     0x0000303a      0x1b2 src/SPI_control.o
 .debug_loc     0x000031ec      0x270 src/SPI_slave.o
 .debug_loc     0x0000345c       0xe4 src/ASF/common2/services/delay/sam0/systick_counter.o
 .debug_loc     0x00003540      0x891 src/ASF/sam0/drivers/adc/adc_sam_d_r_h/adc.o
 .debug_loc     0x00003dd1      0x34a src/ASF/sam0/drivers/adc/adc_sam_d_r_h/adc_callback.o
 .debug_loc     0x0000411b      0x43d src/ASF/sam0/drivers/extint/extint_sam_d_r_h/extint.o
 .debug_loc     0x00004558      0x893 src/ASF/sam0/drivers/sercom/sercom.o
 .debug_loc     0x00004deb      0x3c1 src/ORB_control.o
 .debug_loc     0x000051ac       0xac src/sensor_control.o
 .debug_loc     0x00005258      0x4ca src/sensor.o
 .debug_loc     0x00005722       0xa3 src/super_servo.o
 .debug_loc     0x000057c5      0x2cf src/super_servo_control.o
 .debug_loc     0x00005a94     0x12f8 src/ASF/sam0/drivers/tcc/tcc.o
 .debug_loc     0x00006d8c      0x205 src/ASF/sam0/drivers/tcc/tcc_callback.o
 .debug_loc     0x00006f91      0xdb9 src/ASF/sam0/drivers/tc/tc_sam_d_r_h/tc.o
 .debug_loc     0x00007d4a      0x218 src/ASF/sam0/drivers/tc/tc_interrupt.o
 .debug_loc     0x00007f62      0x139 src/ASF/sam0/drivers/sercom/sercom_interrupt.o
 .debug_loc     0x0000809b      0x2ac src/ASF/sam0/drivers/extint/extint_callback.o
 .debug_loc     0x00008347      0x13d src/ASF/sam0/drivers/port/port.o
 .debug_loc     0x00008484      0x39b src/ORB.o
 .debug_loc     0x0000881f      0xef5 src/ASF/sam0/drivers/system/clock/clock_samd09_d10_d11/clock.o
 .debug_loc     0x00009714      0x504 src/ASF/sam0/drivers/system/clock/clock_samd09_d10_d11/gclk.o
 .debug_loc     0x00009c18      0x36d src/ASF/sam0/drivers/system/pinmux/pinmux.o
 .debug_loc     0x00009f85       0x20 src/ASF/sam0/drivers/system/system.o
 .debug_loc     0x00009fa5       0x40 src/ASF/sam0/utils/cmsis/samd10/source/gcc/startup_samd10.o
 .debug_loc     0x00009fe5       0xef src/ASF/sam0/utils/syscalls/gcc/syscalls.o
 .debug_loc     0x0000a0d4       0x80 src/main.o

.debug_aranges  0x00000000      0x898
 .debug_aranges
                0x00000000       0x58 src/ASF/sam0/drivers/sercom/spi/spi.o
 .debug_aranges
                0x00000058       0x50 src/ASF/sam0/drivers/sercom/spi/spi_interrupt.o
 .debug_aranges
                0x000000a8       0x28 src/SPI_control.o
 .debug_aranges
                0x000000d0       0x40 src/SPI_slave.o
 .debug_aranges
                0x00000110       0x30 src/ASF/common2/services/delay/sam0/systick_counter.o
 .debug_aranges
                0x00000140       0x38 src/ASF/sam0/drivers/adc/adc_sam_d_r_h/adc.o
 .debug_aranges
                0x00000178       0x48 src/ASF/sam0/drivers/adc/adc_sam_d_r_h/adc_callback.o
 .debug_aranges
                0x000001c0       0x50 src/ASF/sam0/drivers/extint/extint_sam_d_r_h/extint.o
 .debug_aranges
                0x00000210       0x48 src/ASF/sam0/drivers/sercom/sercom.o
 .debug_aranges
                0x00000258       0x38 src/ORB_control.o
 .debug_aranges
                0x00000290       0x28 src/sensor_control.o
 .debug_aranges
                0x000002b8       0x38 src/sensor.o
 .debug_aranges
                0x000002f0       0x38 src/super_servo.o
 .debug_aranges
                0x00000328       0x30 src/super_servo_control.o
 .debug_aranges
                0x00000358       0xb0 src/ASF/sam0/drivers/tcc/tcc.o
 .debug_aranges
                0x00000408       0x48 src/ASF/sam0/drivers/tcc/tcc_callback.o
 .debug_aranges
                0x00000450       0x58 src/ASF/sam0/drivers/tc/tc_sam_d_r_h/tc.o
 .debug_aranges
                0x000004a8       0x40 src/ASF/sam0/drivers/tc/tc_interrupt.o
 .debug_aranges
                0x000004e8       0x48 src/ASF/sam0/drivers/sercom/sercom_interrupt.o
 .debug_aranges
                0x00000530       0x48 src/ASF/sam0/drivers/extint/extint_callback.o
 .debug_aranges
                0x00000578       0x28 src/ASF/sam0/drivers/port/port.o
 .debug_aranges
                0x000005a0       0x90 src/ORB.o
 .debug_aranges
                0x00000630       0x20 src/ASF/common2/boards/user_board/init.o
 .debug_aranges
                0x00000650       0x28 src/ASF/common/utils/interrupt/interrupt_sam_nvic.o
 .debug_aranges
                0x00000678       0x78 src/ASF/sam0/drivers/system/clock/clock_samd09_d10_d11/clock.o
 .debug_aranges
                0x000006f0       0x80 src/ASF/sam0/drivers/system/clock/clock_samd09_d10_d11/gclk.o
 .debug_aranges
                0x00000770       0x40 src/ASF/sam0/drivers/system/pinmux/pinmux.o
 .debug_aranges
                0x000007b0       0x28 src/ASF/sam0/drivers/system/system.o
 .debug_aranges
                0x000007d8       0x28 src/ASF/sam0/utils/cmsis/samd10/source/gcc/startup_samd10.o
 .debug_aranges
                0x00000800       0x60 src/ASF/sam0/utils/syscalls/gcc/syscalls.o
 .debug_aranges
                0x00000860       0x38 src/main.o

.debug_ranges   0x00000000      0xd48
 .debug_ranges  0x00000000      0x438 src/ASF/sam0/drivers/sercom/spi/spi.o
 .debug_ranges  0x00000438       0x88 src/ASF/sam0/drivers/sercom/spi/spi_interrupt.o
 .debug_ranges  0x000004c0       0x18 src/SPI_control.o
 .debug_ranges  0x000004d8       0x30 src/SPI_slave.o
 .debug_ranges  0x00000508       0x50 src/ASF/common2/services/delay/sam0/systick_counter.o
 .debug_ranges  0x00000558       0xa0 src/ASF/sam0/drivers/adc/adc_sam_d_r_h/adc.o
 .debug_ranges  0x000005f8       0x50 src/ASF/sam0/drivers/adc/adc_sam_d_r_h/adc_callback.o
 .debug_ranges  0x00000648       0x40 src/ASF/sam0/drivers/extint/extint_sam_d_r_h/extint.o
 .debug_ranges  0x00000688       0x58 src/ASF/sam0/drivers/sercom/sercom.o
 .debug_ranges  0x000006e0       0x28 src/ORB_control.o
 .debug_ranges  0x00000708       0x18 src/sensor_control.o
 .debug_ranges  0x00000720       0x60 src/sensor.o
 .debug_ranges  0x00000780       0x28 src/super_servo.o
 .debug_ranges  0x000007a8       0x20 src/super_servo_control.o
 .debug_ranges  0x000007c8      0x118 src/ASF/sam0/drivers/tcc/tcc.o
 .debug_ranges  0x000008e0       0x38 src/ASF/sam0/drivers/tcc/tcc_callback.o
 .debug_ranges  0x00000918       0x98 src/ASF/sam0/drivers/tc/tc_sam_d_r_h/tc.o
 .debug_ranges  0x000009b0       0x30 src/ASF/sam0/drivers/tc/tc_interrupt.o
 .debug_ranges  0x000009e0       0x38 src/ASF/sam0/drivers/sercom/sercom_interrupt.o
 .debug_ranges  0x00000a18       0x90 src/ASF/sam0/drivers/extint/extint_callback.o
 .debug_ranges  0x00000aa8       0x18 src/ASF/sam0/drivers/port/port.o
 .debug_ranges  0x00000ac0       0x80 src/ORB.o
 .debug_ranges  0x00000b40       0x10 src/ASF/common2/boards/user_board/init.o
 .debug_ranges  0x00000b50       0x18 src/ASF/common/utils/interrupt/interrupt_sam_nvic.o
 .debug_ranges  0x00000b68       0x68 src/ASF/sam0/drivers/system/clock/clock_samd09_d10_d11/clock.o
 .debug_ranges  0x00000bd0       0x88 src/ASF/sam0/drivers/system/clock/clock_samd09_d10_d11/gclk.o
 .debug_ranges  0x00000c58       0x30 src/ASF/sam0/drivers/system/pinmux/pinmux.o
 .debug_ranges  0x00000c88       0x18 src/ASF/sam0/drivers/system/system.o
 .debug_ranges  0x00000ca0       0x18 src/ASF/sam0/utils/cmsis/samd10/source/gcc/startup_samd10.o
 .debug_ranges  0x00000cb8       0x50 src/ASF/sam0/utils/syscalls/gcc/syscalls.o
 .debug_ranges  0x00000d08       0x40 src/main.o

.debug_macro    0x00000000    0x1b172
 .debug_macro   0x00000000      0x56d src/ASF/sam0/drivers/sercom/spi/spi.o
 .debug_macro   0x0000056d      0x8ce src/ASF/sam0/drivers/sercom/spi/spi.o
 .debug_macro   0x00000e3b      0x16d src/ASF/sam0/drivers/sercom/spi/spi.o
 .debug_macro   0x00000fa8      0x64b src/ASF/sam0/drivers/sercom/spi/spi.o
 .debug_macro   0x000015f3       0x22 src/ASF/sam0/drivers/sercom/spi/spi.o
 .debug_macro   0x00001615       0x87 src/ASF/sam0/drivers/sercom/spi/spi.o
 .debug_macro   0x0000169c       0x51 src/ASF/sam0/drivers/sercom/spi/spi.o
 .debug_macro   0x000016ed       0xef src/ASF/sam0/drivers/sercom/spi/spi.o
 .debug_macro   0x000017dc       0x6a src/ASF/sam0/drivers/sercom/spi/spi.o
 .debug_macro   0x00001846      0x1df src/ASF/sam0/drivers/sercom/spi/spi.o
 .debug_macro   0x00001a25       0x10 src/ASF/sam0/drivers/sercom/spi/spi.o
 .debug_macro   0x00001a35       0x76 src/ASF/sam0/drivers/sercom/spi/spi.o
 .debug_macro   0x00001aab       0x16 src/ASF/sam0/drivers/sercom/spi/spi.o
 .debug_macro   0x00001ac1      0x6e5 src/ASF/sam0/drivers/sercom/spi/spi.o
 .debug_macro   0x000021a6      0xde2 src/ASF/sam0/drivers/sercom/spi/spi.o
 .debug_macro   0x00002f88       0x22 src/ASF/sam0/drivers/sercom/spi/spi.o
 .debug_macro   0x00002faa       0x40 src/ASF/sam0/drivers/sercom/spi/spi.o
 .debug_macro   0x00002fea       0x3a src/ASF/sam0/drivers/sercom/spi/spi.o
 .debug_macro   0x00003024       0x1f src/ASF/sam0/drivers/sercom/spi/spi.o
 .debug_macro   0x00003043      0x250 src/ASF/sam0/drivers/sercom/spi/spi.o
 .debug_macro   0x00003293      0x682 src/ASF/sam0/drivers/sercom/spi/spi.o
 .debug_macro   0x00003915      0x8c1 src/ASF/sam0/drivers/sercom/spi/spi.o
 .debug_macro   0x000041d6      0x235 src/ASF/sam0/drivers/sercom/spi/spi.o
 .debug_macro   0x0000440b      0xbde src/ASF/sam0/drivers/sercom/spi/spi.o
 .debug_macro   0x00004fe9      0x5b8 src/ASF/sam0/drivers/sercom/spi/spi.o
 .debug_macro   0x000055a1      0x7cb src/ASF/sam0/drivers/sercom/spi/spi.o
 .debug_macro   0x00005d6c      0x4e6 src/ASF/sam0/drivers/sercom/spi/spi.o
 .debug_macro   0x00006252      0x3ac src/ASF/sam0/drivers/sercom/spi/spi.o
 .debug_macro   0x000065fe      0x19a src/ASF/sam0/drivers/sercom/spi/spi.o
 .debug_macro   0x00006798      0x226 src/ASF/sam0/drivers/sercom/spi/spi.o
 .debug_macro   0x000069be      0x745 src/ASF/sam0/drivers/sercom/spi/spi.o
 .debug_macro   0x00007103       0x5e src/ASF/sam0/drivers/sercom/spi/spi.o
 .debug_macro   0x00007161      0x610 src/ASF/sam0/drivers/sercom/spi/spi.o
 .debug_macro   0x00007771      0x3b8 src/ASF/sam0/drivers/sercom/spi/spi.o
 .debug_macro   0x00007b29      0xc55 src/ASF/sam0/drivers/sercom/spi/spi.o
 .debug_macro   0x0000877e     0x1093 src/ASF/sam0/drivers/sercom/spi/spi.o
 .debug_macro   0x00009811      0xc19 src/ASF/sam0/drivers/sercom/spi/spi.o
 .debug_macro   0x0000a42a      0x6c2 src/ASF/sam0/drivers/sercom/spi/spi.o
 .debug_macro   0x0000aaec     0x1b94 src/ASF/sam0/drivers/sercom/spi/spi.o
 .debug_macro   0x0000c680      0x351 src/ASF/sam0/drivers/sercom/spi/spi.o
 .debug_macro   0x0000c9d1       0x7c src/ASF/sam0/drivers/sercom/spi/spi.o
 .debug_macro   0x0000ca4d       0xa0 src/ASF/sam0/drivers/sercom/spi/spi.o
 .debug_macro   0x0000caed       0x4c src/ASF/sam0/drivers/sercom/spi/spi.o
 .debug_macro   0x0000cb39       0xca src/ASF/sam0/drivers/sercom/spi/spi.o
 .debug_macro   0x0000cc03       0xbe src/ASF/sam0/drivers/sercom/spi/spi.o
 .debug_macro   0x0000ccc1       0x58 src/ASF/sam0/drivers/sercom/spi/spi.o
 .debug_macro   0x0000cd19      0x225 src/ASF/sam0/drivers/sercom/spi/spi.o
 .debug_macro   0x0000cf3e       0x82 src/ASF/sam0/drivers/sercom/spi/spi.o
 .debug_macro   0x0000cfc0      0x19a src/ASF/sam0/drivers/sercom/spi/spi.o
 .debug_macro   0x0000d15a       0xa0 src/ASF/sam0/drivers/sercom/spi/spi.o
 .debug_macro   0x0000d1fa       0xc4 src/ASF/sam0/drivers/sercom/spi/spi.o
 .debug_macro   0x0000d2be       0x1c src/ASF/sam0/drivers/sercom/spi/spi.o
 .debug_macro   0x0000d2da       0x1c src/ASF/sam0/drivers/sercom/spi/spi.o
 .debug_macro   0x0000d2f6       0x1c src/ASF/sam0/drivers/sercom/spi/spi.o
 .debug_macro   0x0000d312       0x82 src/ASF/sam0/drivers/sercom/spi/spi.o
 .debug_macro   0x0000d394      0x112 src/ASF/sam0/drivers/sercom/spi/spi.o
 .debug_macro   0x0000d4a6       0xdc src/ASF/sam0/drivers/sercom/spi/spi.o
 .debug_macro   0x0000d582      0x132 src/ASF/sam0/drivers/sercom/spi/spi.o
 .debug_macro   0x0000d6b4      0x132 src/ASF/sam0/drivers/sercom/spi/spi.o
 .debug_macro   0x0000d7e6      0x132 src/ASF/sam0/drivers/sercom/spi/spi.o
 .debug_macro   0x0000d918      0x11e src/ASF/sam0/drivers/sercom/spi/spi.o
 .debug_macro   0x0000da36       0xe2 src/ASF/sam0/drivers/sercom/spi/spi.o
 .debug_macro   0x0000db18       0xe2 src/ASF/sam0/drivers/sercom/spi/spi.o
 .debug_macro   0x0000dbfa      0x12f src/ASF/sam0/drivers/sercom/spi/spi.o
 .debug_macro   0x0000dd29       0x40 src/ASF/sam0/drivers/sercom/spi/spi.o
 .debug_macro   0x0000dd69      0x2d5 src/ASF/sam0/drivers/sercom/spi/spi.o
 .debug_macro   0x0000e03e      0xf2a src/ASF/sam0/drivers/sercom/spi/spi.o
 .debug_macro   0x0000ef68       0x5f src/ASF/sam0/drivers/sercom/spi/spi.o
 .debug_macro   0x0000efc7       0x52 src/ASF/sam0/drivers/sercom/spi/spi.o
 .debug_macro   0x0000f019       0x35 src/ASF/sam0/drivers/sercom/spi/spi.o
 .debug_macro   0x0000f04e       0x9c src/ASF/sam0/drivers/sercom/spi/spi.o
 .debug_macro   0x0000f0ea       0x16 src/ASF/sam0/drivers/sercom/spi/spi.o
 .debug_macro   0x0000f100       0x35 src/ASF/sam0/drivers/sercom/spi/spi.o
 .debug_macro   0x0000f135      0x330 src/ASF/sam0/drivers/sercom/spi/spi.o
 .debug_macro   0x0000f465       0x10 src/ASF/sam0/drivers/sercom/spi/spi.o
 .debug_macro   0x0000f475       0x52 src/ASF/sam0/drivers/sercom/spi/spi.o
 .debug_macro   0x0000f4c7       0x1f src/ASF/sam0/drivers/sercom/spi/spi.o
 .debug_macro   0x0000f4e6       0x43 src/ASF/sam0/drivers/sercom/spi/spi.o
 .debug_macro   0x0000f529       0x20 src/ASF/sam0/drivers/sercom/spi/spi.o
 .debug_macro   0x0000f549      0x187 src/ASF/sam0/drivers/sercom/spi/spi.o
 .debug_macro   0x0000f6d0       0x10 src/ASF/sam0/drivers/sercom/spi/spi.o
 .debug_macro   0x0000f6e0       0x1c src/ASF/sam0/drivers/sercom/spi/spi.o
 .debug_macro   0x0000f6fc       0x52 src/ASF/sam0/drivers/sercom/spi/spi.o
 .debug_macro   0x0000f74e       0x40 src/ASF/sam0/drivers/sercom/spi/spi.o
 .debug_macro   0x0000f78e       0x10 src/ASF/sam0/drivers/sercom/spi/spi.o
 .debug_macro   0x0000f79e       0x40 src/ASF/sam0/drivers/sercom/spi/spi.o
 .debug_macro   0x0000f7de       0xd7 src/ASF/sam0/drivers/sercom/spi/spi.o
 .debug_macro   0x0000f8b5       0x16 src/ASF/sam0/drivers/sercom/spi/spi.o
 .debug_macro   0x0000f8cb      0x18b src/ASF/sam0/drivers/sercom/spi/spi.o
 .debug_macro   0x0000fa56       0x16 src/ASF/sam0/drivers/sercom/spi/spi.o
 .debug_macro   0x0000fa6c       0x16 src/ASF/sam0/drivers/sercom/spi/spi.o
 .debug_macro   0x0000fa82       0x29 src/ASF/sam0/drivers/sercom/spi/spi.o
 .debug_macro   0x0000faab       0x51 src/ASF/sam0/drivers/sercom/spi/spi.o
 .debug_macro   0x0000fafc       0x3f src/ASF/sam0/drivers/sercom/spi/spi.o
 .debug_macro   0x0000fb3b      0x3df src/ASF/sam0/drivers/sercom/spi/spi.o
 .debug_macro   0x0000ff1a       0x18 src/ASF/sam0/drivers/sercom/spi/spi.o
 .debug_macro   0x0000ff32       0x11 src/ASF/sam0/drivers/sercom/spi/spi.o
 .debug_macro   0x0000ff43       0x16 src/ASF/sam0/drivers/sercom/spi/spi.o
 .debug_macro   0x0000ff59       0x2e src/ASF/sam0/drivers/sercom/spi/spi.o
 .debug_macro   0x0000ff87       0x5e src/ASF/sam0/drivers/sercom/spi/spi.o
 .debug_macro   0x0000ffe5       0x10 src/ASF/sam0/drivers/sercom/spi/spi.o
 .debug_macro   0x0000fff5       0x16 src/ASF/sam0/drivers/sercom/spi/spi.o
 .debug_macro   0x0001000b       0x16 src/ASF/sam0/drivers/sercom/spi/spi.o
 .debug_macro   0x00010021       0x35 src/ASF/sam0/drivers/sercom/spi/spi.o
 .debug_macro   0x00010056      0x6ba src/ASF/sam0/drivers/sercom/spi/spi_interrupt.o
 .debug_macro   0x00010710       0x19 src/ASF/sam0/drivers/sercom/spi/spi_interrupt.o
 .debug_macro   0x00010729       0x1c src/ASF/sam0/drivers/sercom/spi/spi_interrupt.o
 .debug_macro   0x00010745       0x16 src/ASF/sam0/drivers/sercom/spi/spi_interrupt.o
 .debug_macro   0x0001075b       0x1f src/ASF/sam0/drivers/sercom/spi/spi_interrupt.o
 .debug_macro   0x0001077a      0x2c6 src/ASF/sam0/drivers/sercom/spi/spi_interrupt.o
 .debug_macro   0x00010a40       0x11 src/ASF/sam0/drivers/sercom/spi/spi_interrupt.o
 .debug_macro   0x00010a51       0x49 src/ASF/sam0/drivers/sercom/spi/spi_interrupt.o
 .debug_macro   0x00010a9a       0x6c src/ASF/sam0/drivers/sercom/spi/spi_interrupt.o
 .debug_macro   0x00010b06       0x8f src/ASF/sam0/drivers/sercom/spi/spi_interrupt.o
 .debug_macro   0x00010b95       0x76 src/ASF/sam0/drivers/sercom/spi/spi_interrupt.o
 .debug_macro   0x00010c0b      0x69b src/SPI_control.o
 .debug_macro   0x000112a6       0xb2 src/SPI_control.o
 .debug_macro   0x00011358       0x4c src/SPI_control.o
 .debug_macro   0x000113a4       0x34 src/SPI_control.o
 .debug_macro   0x000113d8      0x670 src/SPI_slave.o
 .debug_macro   0x00011a48      0x4d5 src/ASF/common2/services/delay/sam0/systick_counter.o
 .debug_macro   0x00011f1d       0x16 src/ASF/common2/services/delay/sam0/systick_counter.o
 .debug_macro   0x00011f33      0x519 src/ASF/sam0/drivers/adc/adc_sam_d_r_h/adc.o
 .debug_macro   0x0001244c      0x51c src/ASF/sam0/drivers/adc/adc_sam_d_r_h/adc_callback.o
 .debug_macro   0x00012968      0x519 src/ASF/sam0/drivers/extint/extint_sam_d_r_h/extint.o
 .debug_macro   0x00012e81       0x16 src/ASF/sam0/drivers/extint/extint_sam_d_r_h/extint.o
 .debug_macro   0x00012e97      0x527 src/ASF/sam0/drivers/sercom/sercom.o
 .debug_macro   0x000133be      0x677 src/ORB_control.o
 .debug_macro   0x00013a35       0x16 src/ORB_control.o
 .debug_macro   0x00013a4b      0x669 src/sensor_control.o
 .debug_macro   0x000140b4      0x660 src/sensor.o
 .debug_macro   0x00014714      0x65e src/super_servo.o
 .debug_macro   0x00014d72       0x3a src/super_servo.o
 .debug_macro   0x00014dac      0x67b src/super_servo_control.o
 .debug_macro   0x00015427      0x5ef src/ASF/sam0/drivers/tcc/tcc.o
 .debug_macro   0x00015a16       0x19 src/ASF/sam0/drivers/tcc/tcc.o
 .debug_macro   0x00015a2f       0x74 src/ASF/sam0/drivers/tcc/tcc.o
 .debug_macro   0x00015aa3      0x514 src/ASF/sam0/drivers/tcc/tcc_callback.o
 .debug_macro   0x00015fb7      0x523 src/ASF/sam0/drivers/tc/tc_sam_d_r_h/tc.o
 .debug_macro   0x000164da       0x19 src/ASF/sam0/drivers/tc/tc_sam_d_r_h/tc.o
 .debug_macro   0x000164f3       0x51 src/ASF/sam0/drivers/tc/tc_sam_d_r_h/tc.o
 .debug_macro   0x00016544      0x69a src/ASF/sam0/drivers/tc/tc_interrupt.o
 .debug_macro   0x00016bde      0x524 src/ASF/sam0/drivers/sercom/sercom_interrupt.o
 .debug_macro   0x00017102      0x4bf src/ASF/sam0/drivers/extint/extint_callback.o
 .debug_macro   0x000175c1       0x19 src/ASF/sam0/drivers/extint/extint_callback.o
 .debug_macro   0x000175da      0x4b6 src/ASF/sam0/drivers/port/port.o
 .debug_macro   0x00017a90      0x675 src/ORB.o
 .debug_macro   0x00018105      0x656 src/ASF/common2/boards/user_board/init.o
 .debug_macro   0x0001875b      0x49a src/ASF/common/utils/interrupt/interrupt_sam_nvic.o
 .debug_macro   0x00018bf5      0x4ff src/ASF/sam0/drivers/system/clock/clock_samd09_d10_d11/clock.o
 .debug_macro   0x000190f4      0x234 src/ASF/sam0/drivers/system/clock/clock_samd09_d10_d11/clock.o
 .debug_macro   0x00019328      0x4d0 src/ASF/sam0/drivers/system/clock/clock_samd09_d10_d11/gclk.o
 .debug_macro   0x000197f8      0x4aa src/ASF/sam0/drivers/system/pinmux/pinmux.o
 .debug_macro   0x00019ca2       0x12 src/ASF/sam0/drivers/system/pinmux/pinmux.o
 .debug_macro   0x00019cb4      0x4dd src/ASF/sam0/drivers/system/system.o
 .debug_macro   0x0001a191      0x281 src/ASF/sam0/utils/cmsis/samd10/source/gcc/startup_samd10.o
 .debug_macro   0x0001a412       0x3a src/ASF/sam0/utils/cmsis/samd10/source/gcc/startup_samd10.o
 .debug_macro   0x0001a44c      0x1d6 src/ASF/sam0/utils/syscalls/gcc/syscalls.o
 .debug_macro   0x0001a622       0x4c src/ASF/sam0/utils/syscalls/gcc/syscalls.o
 .debug_macro   0x0001a66e       0x8d src/ASF/sam0/utils/syscalls/gcc/syscalls.o
 .debug_macro   0x0001a6fb       0x57 src/ASF/sam0/utils/syscalls/gcc/syscalls.o
 .debug_macro   0x0001a752       0x97 src/ASF/sam0/utils/syscalls/gcc/syscalls.o
 .debug_macro   0x0001a7e9       0xf6 src/ASF/sam0/utils/syscalls/gcc/syscalls.o
 .debug_macro   0x0001a8df       0x4c src/ASF/sam0/utils/syscalls/gcc/syscalls.o
 .debug_macro   0x0001a92b       0x16 src/ASF/sam0/utils/syscalls/gcc/syscalls.o
 .debug_macro   0x0001a941       0x10 src/ASF/sam0/utils/syscalls/gcc/syscalls.o
 .debug_macro   0x0001a951       0x10 src/ASF/sam0/utils/syscalls/gcc/syscalls.o
 .debug_macro   0x0001a961       0x35 src/ASF/sam0/utils/syscalls/gcc/syscalls.o
 .debug_macro   0x0001a996      0x122 src/ASF/sam0/utils/syscalls/gcc/syscalls.o
 .debug_macro   0x0001aab8      0x6ba src/main.o

.debug_line     0x00000000    0x1743e
 .debug_line    0x00000000     0x12fb src/ASF/sam0/drivers/sercom/spi/spi.o
 .debug_line    0x000012fb      0xeab src/ASF/sam0/drivers/sercom/spi/spi_interrupt.o
 .debug_line    0x000021a6      0xe41 src/SPI_control.o
 .debug_line    0x00002fe7      0xe73 src/SPI_slave.o
 .debug_line    0x00003e5a      0x953 src/ASF/common2/services/delay/sam0/systick_counter.o
 .debug_line    0x000047ad      0xcd8 src/ASF/sam0/drivers/adc/adc_sam_d_r_h/adc.o
 .debug_line    0x00005485      0xb97 src/ASF/sam0/drivers/adc/adc_sam_d_r_h/adc_callback.o
 .debug_line    0x0000601c      0xbc3 src/ASF/sam0/drivers/extint/extint_sam_d_r_h/extint.o
 .debug_line    0x00006bdf      0xb37 src/ASF/sam0/drivers/sercom/sercom.o
 .debug_line    0x00007716      0xdda src/ORB_control.o
 .debug_line    0x000084f0      0xda7 src/sensor_control.o
 .debug_line    0x00009297      0xe91 src/sensor.o
 .debug_line    0x0000a128      0xdd5 src/super_servo.o
 .debug_line    0x0000aefd      0xde7 src/super_servo_control.o
 .debug_line    0x0000bce4      0xdbd src/ASF/sam0/drivers/tcc/tcc.o
 .debug_line    0x0000caa1      0xa20 src/ASF/sam0/drivers/tcc/tcc_callback.o
 .debug_line    0x0000d4c1      0xd25 src/ASF/sam0/drivers/tc/tc_sam_d_r_h/tc.o
 .debug_line    0x0000e1e6      0xe51 src/ASF/sam0/drivers/tc/tc_interrupt.o
 .debug_line    0x0000f037      0xacc src/ASF/sam0/drivers/sercom/sercom_interrupt.o
 .debug_line    0x0000fb03      0x962 src/ASF/sam0/drivers/extint/extint_callback.o
 .debug_line    0x00010465      0x88c src/ASF/sam0/drivers/port/port.o
 .debug_line    0x00010cf1      0xf44 src/ORB.o
 .debug_line    0x00011c35      0xd57 src/ASF/common2/boards/user_board/init.o
 .debug_line    0x0001298c      0x860 src/ASF/common/utils/interrupt/interrupt_sam_nvic.o
 .debug_line    0x000131ec      0xbdd src/ASF/sam0/drivers/system/clock/clock_samd09_d10_d11/clock.o
 .debug_line    0x00013dc9      0xc09 src/ASF/sam0/drivers/system/clock/clock_samd09_d10_d11/gclk.o
 .debug_line    0x000149d2      0x8d9 src/ASF/sam0/drivers/system/pinmux/pinmux.o
 .debug_line    0x000152ab      0x980 src/ASF/sam0/drivers/system/system.o
 .debug_line    0x00015c2b      0x5dc src/ASF/sam0/utils/cmsis/samd10/source/gcc/startup_samd10.o
 .debug_line    0x00016207      0x40a src/ASF/sam0/utils/syscalls/gcc/syscalls.o
 .debug_line    0x00016611      0xe2d src/main.o

.debug_str      0x00000000    0x73287
 .debug_str     0x00000000    0x6865c src/ASF/sam0/drivers/sercom/spi/spi.o
                              0x68d04 (size before relaxing)
 .debug_str     0x0006865c     0x1fe4 src/ASF/sam0/drivers/sercom/spi/spi_interrupt.o
                              0x69a2d (size before relaxing)
 .debug_str     0x0006a640      0x59d src/SPI_control.o
                              0x69c5a (size before relaxing)
 .debug_str     0x0006abdd       0xcf src/SPI_slave.o
                              0x6a134 (size before relaxing)
 .debug_str     0x0006acac       0xb6 src/ASF/common2/services/delay/sam0/systick_counter.o
                              0x667af (size before relaxing)
 .debug_str     0x0006ad62      0xecd src/ASF/sam0/drivers/adc/adc_sam_d_r_h/adc.o
                              0x68496 (size before relaxing)
 .debug_str     0x0006bc2f      0x16d src/ASF/sam0/drivers/adc/adc_sam_d_r_h/adc_callback.o
                              0x6728d (size before relaxing)
 .debug_str     0x0006bd9c      0x6b8 src/ASF/sam0/drivers/extint/extint_sam_d_r_h/extint.o
                              0x67b4b (size before relaxing)
 .debug_str     0x0006c454      0x339 src/ASF/sam0/drivers/sercom/sercom.o
                              0x679c3 (size before relaxing)
 .debug_str     0x0006c78d       0x6a src/ORB_control.o
                              0x68826 (size before relaxing)
 .debug_str     0x0006c7f7       0xba src/sensor_control.o
                              0x68f9e (size before relaxing)
 .debug_str     0x0006c8b1      0x1c5 src/sensor.o
                              0x69e7d (size before relaxing)
 .debug_str     0x0006ca76      0xf77 src/super_servo.o
                              0x69f2a (size before relaxing)
 .debug_str     0x0006d9ed       0x62 src/super_servo_control.o
                              0x69675 (size before relaxing)
 .debug_str     0x0006da4f     0x1285 src/ASF/sam0/drivers/tcc/tcc.o
                              0x69a2b (size before relaxing)
 .debug_str     0x0006ecd4      0x1a2 src/ASF/sam0/drivers/tcc/tcc_callback.o
                              0x67dc1 (size before relaxing)
 .debug_str     0x0006ee76      0x6de src/ASF/sam0/drivers/tc/tc_sam_d_r_h/tc.o
                              0x67b8a (size before relaxing)
 .debug_str     0x0006f554      0x2ae src/ASF/sam0/drivers/tc/tc_interrupt.o
                              0x69820 (size before relaxing)
 .debug_str     0x0006f802      0x158 src/ASF/sam0/drivers/sercom/sercom_interrupt.o
                              0x6773b (size before relaxing)
 .debug_str     0x0006f95a      0x131 src/ASF/sam0/drivers/extint/extint_callback.o
                              0x66cf0 (size before relaxing)
 .debug_str     0x0006fa8b       0x5e src/ASF/sam0/drivers/port/port.o
                              0x669b6 (size before relaxing)
 .debug_str     0x0006fae9      0x275 src/ORB.o
                              0x69f4c (size before relaxing)
 .debug_str     0x0006fd5e       0x3e src/ASF/common2/boards/user_board/init.o
                              0x68703 (size before relaxing)
 .debug_str     0x0006fd9c       0x94 src/ASF/common/utils/interrupt/interrupt_sam_nvic.o
                              0x6659f (size before relaxing)
 .debug_str     0x0006fe30     0x2144 src/ASF/sam0/drivers/system/clock/clock_samd09_d10_d11/clock.o
                              0x693f3 (size before relaxing)
 .debug_str     0x00071f74      0x20f src/ASF/sam0/drivers/system/clock/clock_samd09_d10_d11/gclk.o
                              0x671f5 (size before relaxing)
 .debug_str     0x00072183       0xf4 src/ASF/sam0/drivers/system/pinmux/pinmux.o
                              0x66a41 (size before relaxing)
 .debug_str     0x00072277       0x47 src/ASF/sam0/drivers/system/system.o
                              0x6667c (size before relaxing)
 .debug_str     0x000722be      0x7eb src/ASF/sam0/utils/cmsis/samd10/source/gcc/startup_samd10.o
                              0x51f2d (size before relaxing)
 .debug_str     0x00072aa9      0x75b src/ASF/sam0/utils/syscalls/gcc/syscalls.o
                               0x7284 (size before relaxing)
 .debug_str     0x00073204       0x83 src/main.o
                              0x6a3a4 (size before relaxing)

.debug_frame    0x00000000     0x1500
 .debug_frame   0x00000000      0x120 src/ASF/sam0/drivers/sercom/spi/spi.o
 .debug_frame   0x00000120       0xb0 src/ASF/sam0/drivers/sercom/spi/spi_interrupt.o
 .debug_frame   0x000001d0       0x50 src/SPI_control.o
 .debug_frame   0x00000220       0x9c src/SPI_slave.o
 .debug_frame   0x000002bc       0x64 src/ASF/common2/services/delay/sam0/systick_counter.o
 .debug_frame   0x00000320       0x98 src/ASF/sam0/drivers/adc/adc_sam_d_r_h/adc.o
 .debug_frame   0x000003b8       0x84 src/ASF/sam0/drivers/adc/adc_sam_d_r_h/adc_callback.o
 .debug_frame   0x0000043c       0xb8 src/ASF/sam0/drivers/extint/extint_sam_d_r_h/extint.o
 .debug_frame   0x000004f4       0xbc src/ASF/sam0/drivers/sercom/sercom.o
 .debug_frame   0x000005b0       0x78 src/ORB_control.o
 .debug_frame   0x00000628       0x48 src/sensor_control.o
 .debug_frame   0x00000670       0x7c src/sensor.o
 .debug_frame   0x000006ec       0x68 src/super_servo.o
 .debug_frame   0x00000754       0x60 src/super_servo_control.o
 .debug_frame   0x000007b4      0x1e4 src/ASF/sam0/drivers/tcc/tcc.o
 .debug_frame   0x00000998       0xa4 src/ASF/sam0/drivers/tcc/tcc_callback.o
 .debug_frame   0x00000a3c       0xa8 src/ASF/sam0/drivers/tc/tc_sam_d_r_h/tc.o
 .debug_frame   0x00000ae4       0x8c src/ASF/sam0/drivers/tc/tc_interrupt.o
 .debug_frame   0x00000b70       0xa0 src/ASF/sam0/drivers/sercom/sercom_interrupt.o
 .debug_frame   0x00000c10       0x7c src/ASF/sam0/drivers/extint/extint_callback.o
 .debug_frame   0x00000c8c       0x44 src/ASF/sam0/drivers/port/port.o
 .debug_frame   0x00000cd0      0x16c src/ORB.o
 .debug_frame   0x00000e3c       0x20 src/ASF/common2/boards/user_board/init.o
 .debug_frame   0x00000e5c       0x30 src/ASF/common/utils/interrupt/interrupt_sam_nvic.o
 .debug_frame   0x00000e8c      0x14c src/ASF/sam0/drivers/system/clock/clock_samd09_d10_d11/clock.o
 .debug_frame   0x00000fd8      0x148 src/ASF/sam0/drivers/system/clock/clock_samd09_d10_d11/gclk.o
 .debug_frame   0x00001120       0x98 src/ASF/sam0/drivers/system/pinmux/pinmux.o
 .debug_frame   0x000011b8       0x38 src/ASF/sam0/drivers/system/system.o
 .debug_frame   0x000011f0       0x38 src/ASF/sam0/utils/cmsis/samd10/source/gcc/startup_samd10.o
 .debug_frame   0x00001228       0xa0 src/ASF/sam0/utils/syscalls/gcc/syscalls.o
 .debug_frame   0x000012c8       0x74 src/main.o
 .debug_frame   0x0000133c       0x20 c:/program files (x86)/atmel/studio/7.0/toolchain/arm/arm-gnu-toolchain/bin/../lib/gcc/arm-none-eabi/6.2.1/thumb/v6-m\libgcc.a(_udivsi3.o)
 .debug_frame   0x0000135c       0x20 c:/program files (x86)/atmel/studio/7.0/toolchain/arm/arm-gnu-toolchain/bin/../lib/gcc/arm-none-eabi/6.2.1/thumb/v6-m\libgcc.a(_divsi3.o)
 .debug_frame   0x0000137c       0x2c c:/program files (x86)/atmel/studio/7.0/toolchain/arm/arm-gnu-toolchain/bin/../lib/gcc/arm-none-eabi/6.2.1/../../../../arm-none-eabi/lib/thumb/v6-m\libc_nano.a(lib_a-init.o)
 .debug_frame   0x000013a8       0x40 c:/program files (x86)/atmel/studio/7.0/toolchain/arm/arm-gnu-toolchain/bin/../lib/gcc/arm-none-eabi/6.2.1/../../../../arm-none-eabi/lib/thumb/v6-m\libc_nano.a(lib_a-malloc.o)
 .debug_frame   0x000013e8       0x28 c:/program files (x86)/atmel/studio/7.0/toolchain/arm/arm-gnu-toolchain/bin/../lib/gcc/arm-none-eabi/6.2.1/../../../../arm-none-eabi/lib/thumb/v6-m\libc_nano.a(lib_a-memcpy-stub.o)
 .debug_frame   0x00001410       0x20 c:/program files (x86)/atmel/studio/7.0/toolchain/arm/arm-gnu-toolchain/bin/../lib/gcc/arm-none-eabi/6.2.1/../../../../arm-none-eabi/lib/thumb/v6-m\libc_nano.a(lib_a-memset.o)
 .debug_frame   0x00001430       0x2c c:/program files (x86)/atmel/studio/7.0/toolchain/arm/arm-gnu-toolchain/bin/../lib/gcc/arm-none-eabi/6.2.1/../../../../arm-none-eabi/lib/thumb/v6-m\libc_nano.a(lib_a-nano-mallocr.o)
 .debug_frame   0x0000145c       0x2c c:/program files (x86)/atmel/studio/7.0/toolchain/arm/arm-gnu-toolchain/bin/../lib/gcc/arm-none-eabi/6.2.1/../../../../arm-none-eabi/lib/thumb/v6-m\libc_nano.a(lib_a-sbrkr.o)
 .debug_frame   0x00001488       0x30 c:/program files (x86)/atmel/studio/7.0/toolchain/arm/arm-gnu-toolchain/bin/../lib/gcc/arm-none-eabi/6.2.1/../../../../arm-none-eabi/lib/thumb/v6-m\libc_nano.a(lib_a-mlock.o)
 .debug_frame   0x000014b8       0x48 c:/program files (x86)/atmel/studio/7.0/toolchain/arm/arm-gnu-toolchain/bin/../lib/gcc/arm-none-eabi/6.2.1/../../../../arm-none-eabi/lib/thumb/v6-m\libc_nano.a(lib_a-reent.o)

Cross Reference Table

Symbol                                            File
AC_Handler                                        src/ASF/sam0/utils/cmsis/samd10/source/gcc/startup_samd10.o
ADC_Handler                                       src/ASF/sam0/drivers/adc/adc_sam_d_r_h/adc_callback.o
DAC_Handler                                       src/ASF/sam0/utils/cmsis/samd10/source/gcc/startup_samd10.o
DMAC_Handler                                      src/ASF/sam0/utils/cmsis/samd10/source/gcc/startup_samd10.o
Dummy_Handler                                     src/ASF/sam0/utils/cmsis/samd10/source/gcc/startup_samd10.o
EIC_Handler                                       src/ASF/sam0/drivers/extint/extint_callback.o
EVSYS_Handler                                     src/ASF/sam0/utils/cmsis/samd10/source/gcc/startup_samd10.o
HardFault_Handler                                 src/ASF/sam0/utils/cmsis/samd10/source/gcc/startup_samd10.o
NMI_Handler                                       src/ASF/sam0/utils/cmsis/samd10/source/gcc/startup_samd10.o
NVMCTRL_Handler                                   src/ASF/sam0/utils/cmsis/samd10/source/gcc/startup_samd10.o
N_valid_compares                                  src/ASF/sam0/drivers/tc/tc_interrupt.o
ORB_init                                          src/ORB.o
                                                  src/main.o
ORB_init_array                                    src/ORB.o
ORB_leds_off                                      src/ORB.o
ORB_setup_pins                                    src/ORB.o
ORB_timer_callbacks_init                          src/ORB.o
ORB_timer_init                                    src/ORB.o
PM_Handler                                        src/ASF/sam0/utils/cmsis/samd10/source/gcc/startup_samd10.o
PTC_Handler                                       src/ASF/sam0/utils/cmsis/samd10/source/gcc/startup_samd10.o
PendSV_Handler                                    src/ASF/sam0/utils/cmsis/samd10/source/gcc/startup_samd10.o
RTC_Handler                                       src/ASF/sam0/utils/cmsis/samd10/source/gcc/startup_samd10.o
Reset_Handler                                     src/ASF/sam0/utils/cmsis/samd10/source/gcc/startup_samd10.o
SERCOM0_Handler                                   src/ASF/sam0/drivers/sercom/sercom_interrupt.o
SERCOM1_Handler                                   src/ASF/sam0/drivers/sercom/sercom_interrupt.o
SERCOM2_Handler                                   src/ASF/sam0/drivers/sercom/sercom_interrupt.o
SVC_Handler                                       src/ASF/sam0/utils/cmsis/samd10/source/gcc/startup_samd10.o
SYSCTRL_Handler                                   src/ASF/sam0/utils/cmsis/samd10/source/gcc/startup_samd10.o
SysTick_Handler                                   src/ASF/sam0/utils/cmsis/samd10/source/gcc/startup_samd10.o
SystemCoreClock                                   src/ASF/sam0/utils/cmsis/samd10/source/system_samd10.o
SystemCoreClockUpdate                             src/ASF/sam0/utils/cmsis/samd10/source/system_samd10.o
SystemInit                                        src/ASF/sam0/utils/cmsis/samd10/source/system_samd10.o
TC1_Handler                                       src/ASF/sam0/drivers/tc/tc_interrupt.o
TC2_Handler                                       src/ASF/sam0/drivers/tc/tc_interrupt.o
TCC0_Handler                                      src/ASF/sam0/drivers/tcc/tcc_callback.o
WDT_Handler                                       src/ASF/sam0/utils/cmsis/samd10/source/gcc/startup_samd10.o
_Jv_RegisterClasses                               c:/program files (x86)/atmel/studio/7.0/toolchain/arm/arm-gnu-toolchain/bin/../lib/gcc/arm-none-eabi/6.2.1/thumb/v6-m/crtbegin.o
__aeabi_idiv                                      c:/program files (x86)/atmel/studio/7.0/toolchain/arm/arm-gnu-toolchain/bin/../lib/gcc/arm-none-eabi/6.2.1/thumb/v6-m\libgcc.a(_divsi3.o)
                                                  src/super_servo_control.o
__aeabi_idiv0                                     c:/program files (x86)/atmel/studio/7.0/toolchain/arm/arm-gnu-toolchain/bin/../lib/gcc/arm-none-eabi/6.2.1/thumb/v6-m\libgcc.a(_dvmd_tls.o)
                                                  c:/program files (x86)/atmel/studio/7.0/toolchain/arm/arm-gnu-toolchain/bin/../lib/gcc/arm-none-eabi/6.2.1/thumb/v6-m\libgcc.a(_divsi3.o)
                                                  c:/program files (x86)/atmel/studio/7.0/toolchain/arm/arm-gnu-toolchain/bin/../lib/gcc/arm-none-eabi/6.2.1/thumb/v6-m\libgcc.a(_udivsi3.o)
__aeabi_idivmod                                   c:/program files (x86)/atmel/studio/7.0/toolchain/arm/arm-gnu-toolchain/bin/../lib/gcc/arm-none-eabi/6.2.1/thumb/v6-m\libgcc.a(_divsi3.o)
__aeabi_ldiv0                                     c:/program files (x86)/atmel/studio/7.0/toolchain/arm/arm-gnu-toolchain/bin/../lib/gcc/arm-none-eabi/6.2.1/thumb/v6-m\libgcc.a(_dvmd_tls.o)
__aeabi_lmul                                      c:/program files (x86)/atmel/studio/7.0/toolchain/arm/arm-gnu-toolchain/bin/../lib/gcc/arm-none-eabi/6.2.1/thumb/v6-m\libgcc.a(_muldi3.o)
                                                  src/ASF/sam0/drivers/sercom/sercom.o
__aeabi_uidiv                                     c:/program files (x86)/atmel/studio/7.0/toolchain/arm/arm-gnu-toolchain/bin/../lib/gcc/arm-none-eabi/6.2.1/thumb/v6-m\libgcc.a(_udivsi3.o)
                                                  src/ASF/sam0/drivers/system/clock/clock_samd09_d10_d11/gclk.o
                                                  src/ASF/sam0/drivers/system/clock/clock_samd09_d10_d11/clock.o
                                                  src/ASF/common2/services/delay/sam0/systick_counter.o
__aeabi_uidivmod                                  c:/program files (x86)/atmel/studio/7.0/toolchain/arm/arm-gnu-toolchain/bin/../lib/gcc/arm-none-eabi/6.2.1/thumb/v6-m\libgcc.a(_udivsi3.o)
__bss_end__                                       c:/program files (x86)/atmel/studio/7.0/toolchain/arm/arm-gnu-toolchain/bin/../lib/gcc/arm-none-eabi/6.2.1/../../../../arm-none-eabi/lib/thumb/v6-m/crt0.o
__bss_start__                                     c:/program files (x86)/atmel/studio/7.0/toolchain/arm/arm-gnu-toolchain/bin/../lib/gcc/arm-none-eabi/6.2.1/../../../../arm-none-eabi/lib/thumb/v6-m/crt0.o
__call_exitprocs                                  c:/program files (x86)/atmel/studio/7.0/toolchain/arm/arm-gnu-toolchain/bin/../lib/gcc/arm-none-eabi/6.2.1/../../../../arm-none-eabi/lib/thumb/v6-m\libc_nano.a(lib_a-exit.o)
__deregister_frame_info                           c:/program files (x86)/atmel/studio/7.0/toolchain/arm/arm-gnu-toolchain/bin/../lib/gcc/arm-none-eabi/6.2.1/thumb/v6-m/crtbegin.o
__divsi3                                          c:/program files (x86)/atmel/studio/7.0/toolchain/arm/arm-gnu-toolchain/bin/../lib/gcc/arm-none-eabi/6.2.1/thumb/v6-m\libgcc.a(_divsi3.o)
__dso_handle                                      c:/program files (x86)/atmel/studio/7.0/toolchain/arm/arm-gnu-toolchain/bin/../lib/gcc/arm-none-eabi/6.2.1/thumb/v6-m/crtbegin.o
__init_array_end                                  c:/program files (x86)/atmel/studio/7.0/toolchain/arm/arm-gnu-toolchain/bin/../lib/gcc/arm-none-eabi/6.2.1/../../../../arm-none-eabi/lib/thumb/v6-m\libc_nano.a(lib_a-init.o)
__init_array_start                                c:/program files (x86)/atmel/studio/7.0/toolchain/arm/arm-gnu-toolchain/bin/../lib/gcc/arm-none-eabi/6.2.1/../../../../arm-none-eabi/lib/thumb/v6-m\libc_nano.a(lib_a-init.o)
__libc_fini_array                                 c:/program files (x86)/atmel/studio/7.0/toolchain/arm/arm-gnu-toolchain/bin/../lib/gcc/arm-none-eabi/6.2.1/../../../../arm-none-eabi/lib/thumb/v6-m/crt0.o
__libc_init_array                                 c:/program files (x86)/atmel/studio/7.0/toolchain/arm/arm-gnu-toolchain/bin/../lib/gcc/arm-none-eabi/6.2.1/../../../../arm-none-eabi/lib/thumb/v6-m\libc_nano.a(lib_a-init.o)
                                                  src/ASF/sam0/utils/cmsis/samd10/source/gcc/startup_samd10.o
                                                  c:/program files (x86)/atmel/studio/7.0/toolchain/arm/arm-gnu-toolchain/bin/../lib/gcc/arm-none-eabi/6.2.1/../../../../arm-none-eabi/lib/thumb/v6-m/crt0.o
__malloc_free_list                                c:/program files (x86)/atmel/studio/7.0/toolchain/arm/arm-gnu-toolchain/bin/../lib/gcc/arm-none-eabi/6.2.1/../../../../arm-none-eabi/lib/thumb/v6-m\libc_nano.a(lib_a-nano-mallocr.o)
                                                  c:/program files (x86)/atmel/studio/7.0/toolchain/arm/arm-gnu-toolchain/bin/../lib/gcc/arm-none-eabi/6.2.1/../../../../arm-none-eabi/lib/thumb/v6-m\libc_nano.a(lib_a-nano-freer.o)
__malloc_lock                                     c:/program files (x86)/atmel/studio/7.0/toolchain/arm/arm-gnu-toolchain/bin/../lib/gcc/arm-none-eabi/6.2.1/../../../../arm-none-eabi/lib/thumb/v6-m\libc_nano.a(lib_a-mlock.o)
                                                  c:/program files (x86)/atmel/studio/7.0/toolchain/arm/arm-gnu-toolchain/bin/../lib/gcc/arm-none-eabi/6.2.1/../../../../arm-none-eabi/lib/thumb/v6-m\libc_nano.a(lib_a-nano-mallocr.o)
                                                  c:/program files (x86)/atmel/studio/7.0/toolchain/arm/arm-gnu-toolchain/bin/../lib/gcc/arm-none-eabi/6.2.1/../../../../arm-none-eabi/lib/thumb/v6-m\libc_nano.a(lib_a-nano-freer.o)
__malloc_sbrk_start                               c:/program files (x86)/atmel/studio/7.0/toolchain/arm/arm-gnu-toolchain/bin/../lib/gcc/arm-none-eabi/6.2.1/../../../../arm-none-eabi/lib/thumb/v6-m\libc_nano.a(lib_a-nano-mallocr.o)
__malloc_unlock                                   c:/program files (x86)/atmel/studio/7.0/toolchain/arm/arm-gnu-toolchain/bin/../lib/gcc/arm-none-eabi/6.2.1/../../../../arm-none-eabi/lib/thumb/v6-m\libc_nano.a(lib_a-mlock.o)
                                                  c:/program files (x86)/atmel/studio/7.0/toolchain/arm/arm-gnu-toolchain/bin/../lib/gcc/arm-none-eabi/6.2.1/../../../../arm-none-eabi/lib/thumb/v6-m\libc_nano.a(lib_a-nano-mallocr.o)
                                                  c:/program files (x86)/atmel/studio/7.0/toolchain/arm/arm-gnu-toolchain/bin/../lib/gcc/arm-none-eabi/6.2.1/../../../../arm-none-eabi/lib/thumb/v6-m\libc_nano.a(lib_a-nano-freer.o)
__muldi3                                          c:/program files (x86)/atmel/studio/7.0/toolchain/arm/arm-gnu-toolchain/bin/../lib/gcc/arm-none-eabi/6.2.1/thumb/v6-m\libgcc.a(_muldi3.o)
__preinit_array_end                               c:/program files (x86)/atmel/studio/7.0/toolchain/arm/arm-gnu-toolchain/bin/../lib/gcc/arm-none-eabi/6.2.1/../../../../arm-none-eabi/lib/thumb/v6-m\libc_nano.a(lib_a-init.o)
__preinit_array_start                             c:/program files (x86)/atmel/studio/7.0/toolchain/arm/arm-gnu-toolchain/bin/../lib/gcc/arm-none-eabi/6.2.1/../../../../arm-none-eabi/lib/thumb/v6-m\libc_nano.a(lib_a-init.o)
__register_frame_info                             c:/program files (x86)/atmel/studio/7.0/toolchain/arm/arm-gnu-toolchain/bin/../lib/gcc/arm-none-eabi/6.2.1/thumb/v6-m/crtbegin.o
__sf_fake_stderr                                  c:/program files (x86)/atmel/studio/7.0/toolchain/arm/arm-gnu-toolchain/bin/../lib/gcc/arm-none-eabi/6.2.1/../../../../arm-none-eabi/lib/thumb/v6-m\libc_nano.a(lib_a-impure.o)
__sf_fake_stdin                                   c:/program files (x86)/atmel/studio/7.0/toolchain/arm/arm-gnu-toolchain/bin/../lib/gcc/arm-none-eabi/6.2.1/../../../../arm-none-eabi/lib/thumb/v6-m\libc_nano.a(lib_a-impure.o)
__sf_fake_stdout                                  c:/program files (x86)/atmel/studio/7.0/toolchain/arm/arm-gnu-toolchain/bin/../lib/gcc/arm-none-eabi/6.2.1/../../../../arm-none-eabi/lib/thumb/v6-m\libc_nano.a(lib_a-impure.o)
__stack                                           c:/program files (x86)/atmel/studio/7.0/toolchain/arm/arm-gnu-toolchain/bin/../lib/gcc/arm-none-eabi/6.2.1/../../../../arm-none-eabi/lib/thumb/v6-m/crt0.o
__udivsi3                                         c:/program files (x86)/atmel/studio/7.0/toolchain/arm/arm-gnu-toolchain/bin/../lib/gcc/arm-none-eabi/6.2.1/thumb/v6-m\libgcc.a(_udivsi3.o)